Archive member included to satisfy reference by file (symbol)

c:/program files (x86)/atollic/truestudio for stm32 9.3.0/armtools/bin/../lib/gcc/arm-atollic-eabi/6.3.1/../../../../arm-atollic-eabi/lib/armv7e-m/fpu\libc_nano.a(lib_a-errno.o)
                              Core\Src\syscalls.o (__errno)
c:/program files (x86)/atollic/truestudio for stm32 9.3.0/armtools/bin/../lib/gcc/arm-atollic-eabi/6.3.1/../../../../arm-atollic-eabi/lib/armv7e-m/fpu\libc_nano.a(lib_a-impure.o)
                              c:/program files (x86)/atollic/truestudio for stm32 9.3.0/armtools/bin/../lib/gcc/arm-atollic-eabi/6.3.1/../../../../arm-atollic-eabi/lib/armv7e-m/fpu\libc_nano.a(lib_a-errno.o) (_impure_ptr)
c:/program files (x86)/atollic/truestudio for stm32 9.3.0/armtools/bin/../lib/gcc/arm-atollic-eabi/6.3.1/../../../../arm-atollic-eabi/lib/armv7e-m/fpu\libc_nano.a(lib_a-init.o)
                              startup\startup_stm32f439xx.o (__libc_init_array)
c:/program files (x86)/atollic/truestudio for stm32 9.3.0/armtools/bin/../lib/gcc/arm-atollic-eabi/6.3.1/../../../../arm-atollic-eabi/lib/armv7e-m/fpu\libc_nano.a(lib_a-malloc.o)
                              Middlewares\ST\STM32_USB_Host_Library\Class\MSC\Src\usbh_msc.o (malloc)
c:/program files (x86)/atollic/truestudio for stm32 9.3.0/armtools/bin/../lib/gcc/arm-atollic-eabi/6.3.1/../../../../arm-atollic-eabi/lib/armv7e-m/fpu\libc_nano.a(lib_a-memcpy-stub.o)
                              Middlewares\ST\STM32_USB_Host_Library\Class\MSC\Src\usbh_msc.o (memcpy)
c:/program files (x86)/atollic/truestudio for stm32 9.3.0/armtools/bin/../lib/gcc/arm-atollic-eabi/6.3.1/../../../../arm-atollic-eabi/lib/armv7e-m/fpu\libc_nano.a(lib_a-memset.o)
                              Core\Src\main.o (memset)
c:/program files (x86)/atollic/truestudio for stm32 9.3.0/armtools/bin/../lib/gcc/arm-atollic-eabi/6.3.1/../../../../arm-atollic-eabi/lib/armv7e-m/fpu\libc_nano.a(lib_a-nano-freer.o)
                              c:/program files (x86)/atollic/truestudio for stm32 9.3.0/armtools/bin/../lib/gcc/arm-atollic-eabi/6.3.1/../../../../arm-atollic-eabi/lib/armv7e-m/fpu\libc_nano.a(lib_a-malloc.o) (_free_r)
c:/program files (x86)/atollic/truestudio for stm32 9.3.0/armtools/bin/../lib/gcc/arm-atollic-eabi/6.3.1/../../../../arm-atollic-eabi/lib/armv7e-m/fpu\libc_nano.a(lib_a-nano-mallocr.o)
                              c:/program files (x86)/atollic/truestudio for stm32 9.3.0/armtools/bin/../lib/gcc/arm-atollic-eabi/6.3.1/../../../../arm-atollic-eabi/lib/armv7e-m/fpu\libc_nano.a(lib_a-malloc.o) (_malloc_r)
c:/program files (x86)/atollic/truestudio for stm32 9.3.0/armtools/bin/../lib/gcc/arm-atollic-eabi/6.3.1/../../../../arm-atollic-eabi/lib/armv7e-m/fpu\libc_nano.a(lib_a-sbrkr.o)
                              c:/program files (x86)/atollic/truestudio for stm32 9.3.0/armtools/bin/../lib/gcc/arm-atollic-eabi/6.3.1/../../../../arm-atollic-eabi/lib/armv7e-m/fpu\libc_nano.a(lib_a-nano-mallocr.o) (_sbrk_r)
c:/program files (x86)/atollic/truestudio for stm32 9.3.0/armtools/bin/../lib/gcc/arm-atollic-eabi/6.3.1/../../../../arm-atollic-eabi/lib/armv7e-m/fpu\libc_nano.a(lib_a-strlen.o)
                              Core\Src\main.o (strlen)
c:/program files (x86)/atollic/truestudio for stm32 9.3.0/armtools/bin/../lib/gcc/arm-atollic-eabi/6.3.1/../../../../arm-atollic-eabi/lib/armv7e-m/fpu\libc_nano.a(lib_a-mlock.o)
                              c:/program files (x86)/atollic/truestudio for stm32 9.3.0/armtools/bin/../lib/gcc/arm-atollic-eabi/6.3.1/../../../../arm-atollic-eabi/lib/armv7e-m/fpu\libc_nano.a(lib_a-nano-freer.o) (__malloc_lock)
c:/program files (x86)/atollic/truestudio for stm32 9.3.0/armtools/bin/../lib/gcc/arm-atollic-eabi/6.3.1/../../../../arm-atollic-eabi/lib/armv7e-m/fpu\libc_nano.a(lib_a-reent.o)
                              c:/program files (x86)/atollic/truestudio for stm32 9.3.0/armtools/bin/../lib/gcc/arm-atollic-eabi/6.3.1/../../../../arm-atollic-eabi/lib/armv7e-m/fpu\libc_nano.a(lib_a-sbrkr.o) (errno)
c:/program files (x86)/atollic/truestudio for stm32 9.3.0/armtools/bin/../lib/gcc/arm-atollic-eabi/6.3.1/armv7e-m/fpu\libgcc.a(_aeabi_uldivmod.o)
                              Drivers\STM32F4xx_HAL_Driver\Src\stm32f4xx_hal_rcc.o (__aeabi_uldivmod)
c:/program files (x86)/atollic/truestudio for stm32 9.3.0/armtools/bin/../lib/gcc/arm-atollic-eabi/6.3.1/armv7e-m/fpu\libgcc.a(_udivmoddi4.o)
                              c:/program files (x86)/atollic/truestudio for stm32 9.3.0/armtools/bin/../lib/gcc/arm-atollic-eabi/6.3.1/armv7e-m/fpu\libgcc.a(_aeabi_uldivmod.o) (__udivmoddi4)
c:/program files (x86)/atollic/truestudio for stm32 9.3.0/armtools/bin/../lib/gcc/arm-atollic-eabi/6.3.1/armv7e-m/fpu\libgcc.a(_dvmd_tls.o)
                              c:/program files (x86)/atollic/truestudio for stm32 9.3.0/armtools/bin/../lib/gcc/arm-atollic-eabi/6.3.1/armv7e-m/fpu\libgcc.a(_aeabi_uldivmod.o) (__aeabi_ldiv0)

Allocating common symbols
Common symbol       size              file

[...]
Memory Configuration

Name             Origin             Length             Attributes
RAM              0x20000000         0x00030000         xrw
CCMRAM           0x10000000         0x00010000         xrw
FLASH            0x08000000         0x0000c000         xr
*default*        0x00000000         0xffffffff

Linker script and memory map

LOAD c:/program files (x86)/atollic/truestudio for stm32 9.3.0/armtools/bin/../lib/gcc/arm-atollic-eabi/6.3.1/armv7e-m/fpu/crti.o
LOAD c:/program files (x86)/atollic/truestudio for stm32 9.3.0/armtools/bin/../lib/gcc/arm-atollic-eabi/6.3.1/armv7e-m/fpu/crtbegin.o
LOAD Core\Src\command.o
LOAD Core\Src\fash_if.o
LOAD Core\Src\main.o
LOAD Core\Src\stm32f4xx_hal_msp.o
LOAD Core\Src\stm32f4xx_it.o
LOAD Core\Src\syscalls.o
LOAD Core\Src\system_stm32f4xx.o
LOAD Drivers\STM32F4xx_HAL_Driver\Src\stm32f4xx_hal.o
LOAD Drivers\STM32F4xx_HAL_Driver\Src\stm32f4xx_hal_cortex.o
LOAD Drivers\STM32F4xx_HAL_Driver\Src\stm32f4xx_hal_crc.o
LOAD Drivers\STM32F4xx_HAL_Driver\Src\stm32f4xx_hal_dma.o
LOAD Drivers\STM32F4xx_HAL_Driver\Src\stm32f4xx_hal_dma_ex.o
LOAD Drivers\STM32F4xx_HAL_Driver\Src\stm32f4xx_hal_exti.o
LOAD Drivers\STM32F4xx_HAL_Driver\Src\stm32f4xx_hal_flash.o
LOAD Drivers\STM32F4xx_HAL_Driver\Src\stm32f4xx_hal_flash_ex.o
LOAD Drivers\STM32F4xx_HAL_Driver\Src\stm32f4xx_hal_flash_ramfunc.o
LOAD Drivers\STM32F4xx_HAL_Driver\Src\stm32f4xx_hal_gpio.o
LOAD Drivers\STM32F4xx_HAL_Driver\Src\stm32f4xx_hal_hcd.o
LOAD Drivers\STM32F4xx_HAL_Driver\Src\stm32f4xx_hal_pwr.o
LOAD Drivers\STM32F4xx_HAL_Driver\Src\stm32f4xx_hal_pwr_ex.o
LOAD Drivers\STM32F4xx_HAL_Driver\Src\stm32f4xx_hal_rcc.o
LOAD Drivers\STM32F4xx_HAL_Driver\Src\stm32f4xx_hal_rcc_ex.o
LOAD Drivers\STM32F4xx_HAL_Driver\Src\stm32f4xx_hal_tim.o
LOAD Drivers\STM32F4xx_HAL_Driver\Src\stm32f4xx_hal_tim_ex.o
LOAD Drivers\STM32F4xx_HAL_Driver\Src\stm32f4xx_ll_usb.o
LOAD FATFS\App\fatfs.o
LOAD FATFS\Target\usbh_diskio.o
LOAD Middlewares\ST\STM32_USB_Host_Library\Class\MSC\Src\usbh_msc.o
LOAD Middlewares\ST\STM32_USB_Host_Library\Class\MSC\Src\usbh_msc_bot.o
LOAD Middlewares\ST\STM32_USB_Host_Library\Class\MSC\Src\usbh_msc_scsi.o
LOAD Middlewares\ST\STM32_USB_Host_Library\Core\Src\usbh_core.o
LOAD Middlewares\ST\STM32_USB_Host_Library\Core\Src\usbh_ctlreq.o
LOAD Middlewares\ST\STM32_USB_Host_Library\Core\Src\usbh_ioreq.o
LOAD Middlewares\ST\STM32_USB_Host_Library\Core\Src\usbh_pipes.o
LOAD Middlewares\Third_Party\FatFs\src\diskio.o
LOAD Middlewares\Third_Party\FatFs\src\ff.o
LOAD Middlewares\Third_Party\FatFs\src\ff_gen_drv.o
LOAD Middlewares\Third_Party\FatFs\src\option\syscall.o
LOAD USB_HOST\App\usb_host.o
LOAD USB_HOST\Target\usbh_conf.o
LOAD USB_HOST\Target\usbh_platform.o
LOAD startup\startup_stm32f439xx.o
                0x00000080                malloc_getpagesize_P = 0x80
START GROUP
LOAD c:/program files (x86)/atollic/truestudio for stm32 9.3.0/armtools/bin/../lib/gcc/arm-atollic-eabi/6.3.1/../../../../arm-atollic-eabi/lib/armv7e-m/fpu\libc_nano.a
LOAD c:/program files (x86)/atollic/truestudio for stm32 9.3.0/armtools/bin/../lib/gcc/arm-atollic-eabi/6.3.1/../../../../arm-atollic-eabi/lib/armv7e-m/fpu\libm.a
END GROUP
START GROUP
LOAD c:/program files (x86)/atollic/truestudio for stm32 9.3.0/armtools/bin/../lib/gcc/arm-atollic-eabi/6.3.1/armv7e-m/fpu\libgcc.a
LOAD c:/program files (x86)/atollic/truestudio for stm32 9.3.0/armtools/bin/../lib/gcc/arm-atollic-eabi/6.3.1/../../../../arm-atollic-eabi/lib/armv7e-m/fpu\libc_nano.a
END GROUP
START GROUP
LOAD c:/program files (x86)/atollic/truestudio for stm32 9.3.0/armtools/bin/../lib/gcc/arm-atollic-eabi/6.3.1/armv7e-m/fpu\libgcc.a
LOAD c:/program files (x86)/atollic/truestudio for stm32 9.3.0/armtools/bin/../lib/gcc/arm-atollic-eabi/6.3.1/../../../../arm-atollic-eabi/lib/armv7e-m/fpu\libc_nano.a
LOAD c:/program files (x86)/atollic/truestudio for stm32 9.3.0/armtools/bin/../lib/gcc/arm-atollic-eabi/6.3.1/../../../../arm-atollic-eabi/lib/armv7e-m/fpu\libnosys.a
END GROUP
START GROUP
LOAD c:/program files (x86)/atollic/truestudio for stm32 9.3.0/armtools/bin/../lib/gcc/arm-atollic-eabi/6.3.1/armv7e-m/fpu\libgcc.a
LOAD c:/program files (x86)/atollic/truestudio for stm32 9.3.0/armtools/bin/../lib/gcc/arm-atollic-eabi/6.3.1/../../../../arm-atollic-eabi/lib/armv7e-m/fpu\libc_nano.a
LOAD c:/program files (x86)/atollic/truestudio for stm32 9.3.0/armtools/bin/../lib/gcc/arm-atollic-eabi/6.3.1/../../../../arm-atollic-eabi/lib/armv7e-m/fpu\libnosys.a
END GROUP
LOAD c:/program files (x86)/atollic/truestudio for stm32 9.3.0/armtools/bin/../lib/gcc/arm-atollic-eabi/6.3.1/armv7e-m/fpu/crtend.o
LOAD c:/program files (x86)/atollic/truestudio for stm32 9.3.0/armtools/bin/../lib/gcc/arm-atollic-eabi/6.3.1/armv7e-m/fpu/crtn.o
                0x20030000                _estack = 0x20030000
                0x00000200                _Min_Heap_Size = 0x200
                0x00000400                _Min_Stack_Size = 0x400

.isr_vector     0x08000000      0x1ac
                0x08000000                . = ALIGN (0x4)
 *(.isr_vector)
 .isr_vector    0x08000000      0x1ac startup\startup_stm32f439xx.o
                0x08000000                g_pfnVectors
                0x080001ac                . = ALIGN (0x4)

.text           0x080001ac     0xa91c
                0x080001ac                . = ALIGN (0x4)
 *(.text)
 .text          0x080001ac       0x40 c:/program files (x86)/atollic/truestudio for stm32 9.3.0/armtools/bin/../lib/gcc/arm-atollic-eabi/6.3.1/armv7e-m/fpu/crtbegin.o
 .text          0x080001ec       0x30 c:/program files (x86)/atollic/truestudio for stm32 9.3.0/armtools/bin/../lib/gcc/arm-atollic-eabi/6.3.1/armv7e-m/fpu\libgcc.a(_aeabi_uldivmod.o)
                0x080001ec                __aeabi_uldivmod
 .text          0x0800021c      0x2dc c:/program files (x86)/atollic/truestudio for stm32 9.3.0/armtools/bin/../lib/gcc/arm-atollic-eabi/6.3.1/armv7e-m/fpu\libgcc.a(_udivmoddi4.o)
                0x0800021c                __udivmoddi4
 .text          0x080004f8        0x4 c:/program files (x86)/atollic/truestudio for stm32 9.3.0/armtools/bin/../lib/gcc/arm-atollic-eabi/6.3.1/armv7e-m/fpu\libgcc.a(_dvmd_tls.o)
                0x080004f8                __aeabi_idiv0
                0x080004f8                __aeabi_ldiv0
 *(.text*)
 .text.COMMAND_DOWNLOAD
                0x080004fc       0x50 Core\Src\command.o
                0x080004fc                COMMAND_DOWNLOAD
 .text.COMMAND_ProgramFlashMemory
                0x0800054c       0xe4 Core\Src\command.o
                0x0800054c                COMMAND_ProgramFlashMemory
 .text.FLASH_If_ProgramWord
                0x08000630       0x2e Core\Src\fash_if.o
                0x08000630                FLASH_If_ProgramWord
 *fill*         0x0800065e        0x2 
 .text.main     0x08000660      0x120 Core\Src\main.o
                0x08000660                main
 .text.flash_status_led
                0x08000780       0x50 Core\Src\main.o
 .text.bootloader_jump_to_user_app
                0x080007d0       0x34 Core\Src\main.o
 .text.MX_CRC_Init
                0x08000804       0x28 Core\Src\main.o
                0x08000804                MX_CRC_Init
 .text.HAL_CRC_MspInit
                0x0800082c       0x44 Core\Src\main.o
                0x0800082c                HAL_CRC_MspInit
 .text.calcCrc32
                0x08000870       0x6c Core\Src\main.o
 .text.execute_flash_erase
                0x080008dc       0x8e Core\Src\main.o
                0x080008dc                execute_flash_erase
 *fill*         0x0800096a        0x2 
 .text.SystemClock_Config
                0x0800096c       0xd8 Core\Src\main.o
                0x0800096c                SystemClock_Config
 .text.MX_GPIO_Init
                0x08000a44      0x128 Core\Src\main.o
 .text.Error_Handler
                0x08000b6c        0x8 Core\Src\main.o
                0x08000b6c                Error_Handler
 .text.HAL_MspInit
                0x08000b74       0x50 Core\Src\stm32f4xx_hal_msp.o
                0x08000b74                HAL_MspInit
 .text.NMI_Handler
                0x08000bc4        0x6 Core\Src\stm32f4xx_it.o
                0x08000bc4                NMI_Handler
 .text.HardFault_Handler
                0x08000bca        0x6 Core\Src\stm32f4xx_it.o
                0x08000bca                HardFault_Handler
 .text.MemManage_Handler
                0x08000bd0        0x6 Core\Src\stm32f4xx_it.o
                0x08000bd0                MemManage_Handler
 .text.BusFault_Handler
                0x08000bd6        0x6 Core\Src\stm32f4xx_it.o
                0x08000bd6                BusFault_Handler
 .text.UsageFault_Handler
                0x08000bdc        0x6 Core\Src\stm32f4xx_it.o
                0x08000bdc                UsageFault_Handler
 .text.SVC_Handler
                0x08000be2        0xe Core\Src\stm32f4xx_it.o
                0x08000be2                SVC_Handler
 .text.DebugMon_Handler
                0x08000bf0        0xe Core\Src\stm32f4xx_it.o
                0x08000bf0                DebugMon_Handler
 .text.PendSV_Handler
                0x08000bfe        0xe Core\Src\stm32f4xx_it.o
                0x08000bfe                PendSV_Handler
 .text.SysTick_Handler
                0x08000c0c        0xc Core\Src\stm32f4xx_it.o
                0x08000c0c                SysTick_Handler
 .text.OTG_FS_IRQHandler
                0x08000c18       0x14 Core\Src\stm32f4xx_it.o
                0x08000c18                OTG_FS_IRQHandler
 .text._sbrk    0x08000c2c       0x58 Core\Src\syscalls.o
                0x08000c2c                _sbrk
 .text.SystemInit
                0x08000c84       0x24 Core\Src\system_stm32f4xx.o
                0x08000c84                SystemInit
 .text.HAL_Init
                0x08000ca8       0x44 Drivers\STM32F4xx_HAL_Driver\Src\stm32f4xx_hal.o
                0x08000ca8                HAL_Init
 .text.HAL_InitTick
                0x08000cec       0x60 Drivers\STM32F4xx_HAL_Driver\Src\stm32f4xx_hal.o
                0x08000cec                HAL_InitTick
 .text.HAL_IncTick
                0x08000d4c       0x28 Drivers\STM32F4xx_HAL_Driver\Src\stm32f4xx_hal.o
                0x08000d4c                HAL_IncTick
 .text.HAL_GetTick
                0x08000d74       0x18 Drivers\STM32F4xx_HAL_Driver\Src\stm32f4xx_hal.o
                0x08000d74                HAL_GetTick
 .text.HAL_Delay
                0x08000d8c       0x44 Drivers\STM32F4xx_HAL_Driver\Src\stm32f4xx_hal.o
                0x08000d8c                HAL_Delay
 .text.__NVIC_SetPriorityGrouping
                0x08000dd0       0x48 Drivers\STM32F4xx_HAL_Driver\Src\stm32f4xx_hal_cortex.o
 .text.__NVIC_GetPriorityGrouping
                0x08000e18       0x1c Drivers\STM32F4xx_HAL_Driver\Src\stm32f4xx_hal_cortex.o
 .text.__NVIC_EnableIRQ
                0x08000e34       0x3c Drivers\STM32F4xx_HAL_Driver\Src\stm32f4xx_hal_cortex.o
 .text.__NVIC_SetPriority
                0x08000e70       0x54 Drivers\STM32F4xx_HAL_Driver\Src\stm32f4xx_hal_cortex.o
 .text.NVIC_EncodePriority
                0x08000ec4       0x62 Drivers\STM32F4xx_HAL_Driver\Src\stm32f4xx_hal_cortex.o
 *fill*         0x08000f26        0x2 
 .text.SysTick_Config
                0x08000f28       0x44 Drivers\STM32F4xx_HAL_Driver\Src\stm32f4xx_hal_cortex.o
 .text.HAL_NVIC_SetPriorityGrouping
                0x08000f6c       0x16 Drivers\STM32F4xx_HAL_Driver\Src\stm32f4xx_hal_cortex.o
                0x08000f6c                HAL_NVIC_SetPriorityGrouping
 .text.HAL_NVIC_SetPriority
                0x08000f82       0x38 Drivers\STM32F4xx_HAL_Driver\Src\stm32f4xx_hal_cortex.o
                0x08000f82                HAL_NVIC_SetPriority
 .text.HAL_NVIC_EnableIRQ
                0x08000fba       0x1c Drivers\STM32F4xx_HAL_Driver\Src\stm32f4xx_hal_cortex.o
                0x08000fba                HAL_NVIC_EnableIRQ
 .text.HAL_SYSTICK_Config
                0x08000fd6       0x18 Drivers\STM32F4xx_HAL_Driver\Src\stm32f4xx_hal_cortex.o
                0x08000fd6                HAL_SYSTICK_Config
 .text.HAL_CRC_Init
                0x08000fee       0x38 Drivers\STM32F4xx_HAL_Driver\Src\stm32f4xx_hal_crc.o
                0x08000fee                HAL_CRC_Init
 .text.HAL_CRC_Accumulate
                0x08001026       0x56 Drivers\STM32F4xx_HAL_Driver\Src\stm32f4xx_hal_crc.o
                0x08001026                HAL_CRC_Accumulate
 .text.HAL_FLASH_Program
                0x0800107c       0xa8 Drivers\STM32F4xx_HAL_Driver\Src\stm32f4xx_hal_flash.o
                0x0800107c                HAL_FLASH_Program
 .text.HAL_FLASH_Unlock
                0x08001124       0x44 Drivers\STM32F4xx_HAL_Driver\Src\stm32f4xx_hal_flash.o
                0x08001124                HAL_FLASH_Unlock
 .text.HAL_FLASH_Lock
                0x08001168       0x20 Drivers\STM32F4xx_HAL_Driver\Src\stm32f4xx_hal_flash.o
                0x08001168                HAL_FLASH_Lock
 .text.FLASH_WaitForLastOperation
                0x08001188       0x80 Drivers\STM32F4xx_HAL_Driver\Src\stm32f4xx_hal_flash.o
                0x08001188                FLASH_WaitForLastOperation
 .text.FLASH_Program_DoubleWord
                0x08001208       0x5c Drivers\STM32F4xx_HAL_Driver\Src\stm32f4xx_hal_flash.o
 .text.FLASH_Program_Word
                0x08001264       0x44 Drivers\STM32F4xx_HAL_Driver\Src\stm32f4xx_hal_flash.o
 .text.FLASH_Program_HalfWord
                0x080012a8       0x48 Drivers\STM32F4xx_HAL_Driver\Src\stm32f4xx_hal_flash.o
 .text.FLASH_Program_Byte
                0x080012f0       0x44 Drivers\STM32F4xx_HAL_Driver\Src\stm32f4xx_hal_flash.o
 .text.FLASH_SetErrorCode
                0x08001334       0xcc Drivers\STM32F4xx_HAL_Driver\Src\stm32f4xx_hal_flash.o
 .text.HAL_FLASHEx_Erase
                0x08001400       0xe4 Drivers\STM32F4xx_HAL_Driver\Src\stm32f4xx_hal_flash_ex.o
                0x08001400                HAL_FLASHEx_Erase
 .text.FLASH_MassErase
                0x080014e4       0x74 Drivers\STM32F4xx_HAL_Driver\Src\stm32f4xx_hal_flash_ex.o
 .text.FLASH_Erase_Sector
                0x08001558       0x9c Drivers\STM32F4xx_HAL_Driver\Src\stm32f4xx_hal_flash_ex.o
                0x08001558                FLASH_Erase_Sector
 .text.FLASH_FlushCaches
                0x080015f4       0x8c Drivers\STM32F4xx_HAL_Driver\Src\stm32f4xx_hal_flash_ex.o
                0x080015f4                FLASH_FlushCaches
 .text.HAL_GPIO_Init
                0x08001680      0x354 Drivers\STM32F4xx_HAL_Driver\Src\stm32f4xx_hal_gpio.o
                0x08001680                HAL_GPIO_Init
 .text.HAL_GPIO_WritePin
                0x080019d4       0x32 Drivers\STM32F4xx_HAL_Driver\Src\stm32f4xx_hal_gpio.o
                0x080019d4                HAL_GPIO_WritePin
 .text.HAL_HCD_Init
                0x08001a06       0xc4 Drivers\STM32F4xx_HAL_Driver\Src\stm32f4xx_hal_hcd.o
                0x08001a06                HAL_HCD_Init
 .text.HAL_HCD_HC_Init
                0x08001aca      0x11e Drivers\STM32F4xx_HAL_Driver\Src\stm32f4xx_hal_hcd.o
                0x08001aca                HAL_HCD_HC_Init
 .text.HAL_HCD_HC_Halt
                0x08001be8       0x46 Drivers\STM32F4xx_HAL_Driver\Src\stm32f4xx_hal_hcd.o
                0x08001be8                HAL_HCD_HC_Halt
 *fill*         0x08001c2e        0x2 
 .text.HAL_HCD_HC_SubmitRequest
                0x08001c30      0x2ac Drivers\STM32F4xx_HAL_Driver\Src\stm32f4xx_hal_hcd.o
                0x08001c30                HAL_HCD_HC_SubmitRequest
 .text.HAL_HCD_IRQHandler
                0x08001edc      0x216 Drivers\STM32F4xx_HAL_Driver\Src\stm32f4xx_hal_hcd.o
                0x08001edc                HAL_HCD_IRQHandler
 .text.HAL_HCD_Start
                0x080020f2       0x46 Drivers\STM32F4xx_HAL_Driver\Src\stm32f4xx_hal_hcd.o
                0x080020f2                HAL_HCD_Start
 .text.HAL_HCD_Stop
                0x08002138       0x3a Drivers\STM32F4xx_HAL_Driver\Src\stm32f4xx_hal_hcd.o
                0x08002138                HAL_HCD_Stop
 .text.HAL_HCD_ResetPort
                0x08002172       0x1c Drivers\STM32F4xx_HAL_Driver\Src\stm32f4xx_hal_hcd.o
                0x08002172                HAL_HCD_ResetPort
 .text.HAL_HCD_HC_GetURBState
                0x0800218e       0x28 Drivers\STM32F4xx_HAL_Driver\Src\stm32f4xx_hal_hcd.o
                0x0800218e                HAL_HCD_HC_GetURBState
 .text.HAL_HCD_HC_GetXferCount
                0x080021b6       0x28 Drivers\STM32F4xx_HAL_Driver\Src\stm32f4xx_hal_hcd.o
                0x080021b6                HAL_HCD_HC_GetXferCount
 .text.HAL_HCD_GetCurrentFrame
                0x080021de       0x1c Drivers\STM32F4xx_HAL_Driver\Src\stm32f4xx_hal_hcd.o
                0x080021de                HAL_HCD_GetCurrentFrame
 .text.HAL_HCD_GetCurrentSpeed
                0x080021fa       0x1c Drivers\STM32F4xx_HAL_Driver\Src\stm32f4xx_hal_hcd.o
                0x080021fa                HAL_HCD_GetCurrentSpeed
 .text.HCD_HC_IN_IRQHandler
                0x08002216      0x860 Drivers\STM32F4xx_HAL_Driver\Src\stm32f4xx_hal_hcd.o
 .text.HCD_HC_OUT_IRQHandler
                0x08002a76      0x81a Drivers\STM32F4xx_HAL_Driver\Src\stm32f4xx_hal_hcd.o
 .text.HCD_RXQLVL_IRQHandler
                0x08003290      0x1a2 Drivers\STM32F4xx_HAL_Driver\Src\stm32f4xx_hal_hcd.o
 .text.HCD_Port_IRQHandler
                0x08003432       0xe6 Drivers\STM32F4xx_HAL_Driver\Src\stm32f4xx_hal_hcd.o
 .text.HAL_RCC_OscConfig
                0x08003518      0x4f0 Drivers\STM32F4xx_HAL_Driver\Src\stm32f4xx_hal_rcc.o
                0x08003518                HAL_RCC_OscConfig
 .text.HAL_RCC_ClockConfig
                0x08003a08      0x1cc Drivers\STM32F4xx_HAL_Driver\Src\stm32f4xx_hal_rcc.o
                0x08003a08                HAL_RCC_ClockConfig
 .text.HAL_RCC_GetSysClockFreq
                0x08003bd4      0x16c Drivers\STM32F4xx_HAL_Driver\Src\stm32f4xx_hal_rcc.o
                0x08003bd4                HAL_RCC_GetSysClockFreq
 .text.USB_CoreInit
                0x08003d40       0xc2 Drivers\STM32F4xx_HAL_Driver\Src\stm32f4xx_ll_usb.o
                0x08003d40                USB_CoreInit
 .text.USB_EnableGlobalInt
                0x08003e02       0x22 Drivers\STM32F4xx_HAL_Driver\Src\stm32f4xx_ll_usb.o
                0x08003e02                USB_EnableGlobalInt
 .text.USB_DisableGlobalInt
                0x08003e24       0x22 Drivers\STM32F4xx_HAL_Driver\Src\stm32f4xx_ll_usb.o
                0x08003e24                USB_DisableGlobalInt
 .text.USB_SetCurrentMode
                0x08003e46       0x98 Drivers\STM32F4xx_HAL_Driver\Src\stm32f4xx_ll_usb.o
                0x08003e46                USB_SetCurrentMode
 *fill*         0x08003ede        0x2 
 .text.USB_FlushTxFifo
                0x08003ee0       0x48 Drivers\STM32F4xx_HAL_Driver\Src\stm32f4xx_ll_usb.o
                0x08003ee0                USB_FlushTxFifo
 .text.USB_FlushRxFifo
                0x08003f28       0x40 Drivers\STM32F4xx_HAL_Driver\Src\stm32f4xx_ll_usb.o
                0x08003f28                USB_FlushRxFifo
 .text.USB_WritePacket
                0x08003f68       0x7c Drivers\STM32F4xx_HAL_Driver\Src\stm32f4xx_ll_usb.o
                0x08003f68                USB_WritePacket
 .text.USB_ReadPacket
                0x08003fe4       0xae Drivers\STM32F4xx_HAL_Driver\Src\stm32f4xx_ll_usb.o
                0x08003fe4                USB_ReadPacket
 .text.USB_ReadInterrupts
                0x08004092       0x26 Drivers\STM32F4xx_HAL_Driver\Src\stm32f4xx_ll_usb.o
                0x08004092                USB_ReadInterrupts
 .text.USB_GetMode
                0x080040b8       0x1c Drivers\STM32F4xx_HAL_Driver\Src\stm32f4xx_ll_usb.o
                0x080040b8                USB_GetMode
 .text.USB_CoreReset
                0x080040d4       0x64 Drivers\STM32F4xx_HAL_Driver\Src\stm32f4xx_ll_usb.o
 .text.USB_HostInit
                0x08004138      0x170 Drivers\STM32F4xx_HAL_Driver\Src\stm32f4xx_ll_usb.o
                0x08004138                USB_HostInit
 .text.USB_InitFSLSPClkSel
                0x080042a8       0x78 Drivers\STM32F4xx_HAL_Driver\Src\stm32f4xx_ll_usb.o
                0x080042a8                USB_InitFSLSPClkSel
 .text.USB_ResetPort
                0x08004320       0x58 Drivers\STM32F4xx_HAL_Driver\Src\stm32f4xx_ll_usb.o
                0x08004320                USB_ResetPort
 .text.USB_DriveVbus
                0x08004378       0x76 Drivers\STM32F4xx_HAL_Driver\Src\stm32f4xx_ll_usb.o
                0x08004378                USB_DriveVbus
 .text.USB_GetHostSpeed
                0x080043ee       0x2e Drivers\STM32F4xx_HAL_Driver\Src\stm32f4xx_ll_usb.o
                0x080043ee                USB_GetHostSpeed
 .text.USB_GetCurrentFrame
                0x0800441c       0x22 Drivers\STM32F4xx_HAL_Driver\Src\stm32f4xx_ll_usb.o
                0x0800441c                USB_GetCurrentFrame
 *fill*         0x0800443e        0x2 
 .text.USB_HC_Init
                0x08004440      0x22c Drivers\STM32F4xx_HAL_Driver\Src\stm32f4xx_ll_usb.o
                0x08004440                USB_HC_Init
 .text.USB_HC_StartXfer
                0x0800466c      0x290 Drivers\STM32F4xx_HAL_Driver\Src\stm32f4xx_ll_usb.o
                0x0800466c                USB_HC_StartXfer
 .text.USB_HC_ReadInterrupt
                0x080048fc       0x22 Drivers\STM32F4xx_HAL_Driver\Src\stm32f4xx_ll_usb.o
                0x080048fc                USB_HC_ReadInterrupt
 .text.USB_HC_Halt
                0x0800491e      0x24c Drivers\STM32F4xx_HAL_Driver\Src\stm32f4xx_ll_usb.o
                0x0800491e                USB_HC_Halt
 *fill*         0x08004b6a        0x2 
 .text.USB_DoPing
                0x08004b6c       0x78 Drivers\STM32F4xx_HAL_Driver\Src\stm32f4xx_ll_usb.o
                0x08004b6c                USB_DoPing
 .text.USB_StopHost
                0x08004be4      0x10c Drivers\STM32F4xx_HAL_Driver\Src\stm32f4xx_ll_usb.o
                0x08004be4                USB_StopHost
 .text.MX_FATFS_Init
                0x08004cf0       0x24 FATFS\App\fatfs.o
                0x08004cf0                MX_FATFS_Init
 .text.get_fattime
                0x08004d14       0x10 FATFS\App\fatfs.o
                0x08004d14                get_fattime
 .text.USBH_initialize
                0x08004d24       0x18 FATFS\Target\usbh_diskio.o
                0x08004d24                USBH_initialize
 .text.USBH_status
                0x08004d3c       0x38 FATFS\Target\usbh_diskio.o
                0x08004d3c                USBH_status
 .text.USBH_read
                0x08004d74       0x70 FATFS\Target\usbh_diskio.o
                0x08004d74                USBH_read
 .text.USBH_write
                0x08004de4       0x84 FATFS\Target\usbh_diskio.o
                0x08004de4                USBH_write
 .text.USBH_ioctl
                0x08004e68       0xd8 FATFS\Target\usbh_diskio.o
                0x08004e68                USBH_ioctl
 .text.USBH_MSC_InterfaceInit
                0x08004f40      0x216 Middlewares\ST\STM32_USB_Host_Library\Class\MSC\Src\usbh_msc.o
 .text.USBH_MSC_InterfaceDeInit
                0x08005156       0x8c Middlewares\ST\STM32_USB_Host_Library\Class\MSC\Src\usbh_msc.o
 .text.USBH_MSC_ClassRequest
                0x080051e2       0xc8 Middlewares\ST\STM32_USB_Host_Library\Class\MSC\Src\usbh_msc.o
 *fill*         0x080052aa        0x2 
 .text.USBH_MSC_Process
                0x080052ac      0x520 Middlewares\ST\STM32_USB_Host_Library\Class\MSC\Src\usbh_msc.o
 .text.USBH_MSC_SOFProcess
                0x080057cc       0x16 Middlewares\ST\STM32_USB_Host_Library\Class\MSC\Src\usbh_msc.o
 .text.USBH_MSC_RdWrProcess
                0x080057e2      0x194 Middlewares\ST\STM32_USB_Host_Library\Class\MSC\Src\usbh_msc.o
 .text.USBH_MSC_UnitIsReady
                0x08005976       0x4c Middlewares\ST\STM32_USB_Host_Library\Class\MSC\Src\usbh_msc.o
                0x08005976                USBH_MSC_UnitIsReady
 .text.USBH_MSC_GetLUNInfo
                0x080059c2       0x48 Middlewares\ST\STM32_USB_Host_Library\Class\MSC\Src\usbh_msc.o
                0x080059c2                USBH_MSC_GetLUNInfo
 .text.USBH_MSC_Read
                0x08005a0a       0xd2 Middlewares\ST\STM32_USB_Host_Library\Class\MSC\Src\usbh_msc.o
                0x08005a0a                USBH_MSC_Read
 .text.USBH_MSC_Write
                0x08005adc       0xd2 Middlewares\ST\STM32_USB_Host_Library\Class\MSC\Src\usbh_msc.o
                0x08005adc                USBH_MSC_Write
 .text.USBH_MSC_BOT_REQ_Reset
                0x08005bae       0x3a Middlewares\ST\STM32_USB_Host_Library\Class\MSC\Src\usbh_msc_bot.o
                0x08005bae                USBH_MSC_BOT_REQ_Reset
 .text.USBH_MSC_BOT_REQ_GetMaxLUN
                0x08005be8       0x3c Middlewares\ST\STM32_USB_Host_Library\Class\MSC\Src\usbh_msc_bot.o
                0x08005be8                USBH_MSC_BOT_REQ_GetMaxLUN
 .text.USBH_MSC_BOT_Init
                0x08005c24       0x44 Middlewares\ST\STM32_USB_Host_Library\Class\MSC\Src\usbh_msc_bot.o
                0x08005c24                USBH_MSC_BOT_Init
 .text.USBH_MSC_BOT_Process
                0x08005c68      0x3a4 Middlewares\ST\STM32_USB_Host_Library\Class\MSC\Src\usbh_msc_bot.o
                0x08005c68                USBH_MSC_BOT_Process
 .text.USBH_MSC_BOT_Abort
                0x0800600c       0x58 Middlewares\ST\STM32_USB_Host_Library\Class\MSC\Src\usbh_msc_bot.o
 .text.USBH_MSC_DecodeCSW
                0x08006064       0x88 Middlewares\ST\STM32_USB_Host_Library\Class\MSC\Src\usbh_msc_bot.o
 .text.USBH_MSC_SCSI_TestUnitReady
                0x080060ec       0x86 Middlewares\ST\STM32_USB_Host_Library\Class\MSC\Src\usbh_msc_scsi.o
                0x080060ec                USBH_MSC_SCSI_TestUnitReady
 .text.USBH_MSC_SCSI_ReadCapacity
                0x08006172       0xf6 Middlewares\ST\STM32_USB_Host_Library\Class\MSC\Src\usbh_msc_scsi.o
                0x08006172                USBH_MSC_SCSI_ReadCapacity
 .text.USBH_MSC_SCSI_Inquiry
                0x08006268      0x14a Middlewares\ST\STM32_USB_Host_Library\Class\MSC\Src\usbh_msc_scsi.o
                0x08006268                USBH_MSC_SCSI_Inquiry
 .text.USBH_MSC_SCSI_RequestSense
                0x080063b2       0xf2 Middlewares\ST\STM32_USB_Host_Library\Class\MSC\Src\usbh_msc_scsi.o
                0x080063b2                USBH_MSC_SCSI_RequestSense
 .text.USBH_MSC_SCSI_Write
                0x080064a4       0xd6 Middlewares\ST\STM32_USB_Host_Library\Class\MSC\Src\usbh_msc_scsi.o
                0x080064a4                USBH_MSC_SCSI_Write
 .text.USBH_MSC_SCSI_Read
                0x0800657a       0xd6 Middlewares\ST\STM32_USB_Host_Library\Class\MSC\Src\usbh_msc_scsi.o
                0x0800657a                USBH_MSC_SCSI_Read
 .text.USBH_Init
                0x08006650       0x74 Middlewares\ST\STM32_USB_Host_Library\Core\Src\usbh_core.o
                0x08006650                USBH_Init
 .text.DeInitStateMachine
                0x080066c4       0xa8 Middlewares\ST\STM32_USB_Host_Library\Core\Src\usbh_core.o
 .text.USBH_RegisterClass
                0x0800676c       0x54 Middlewares\ST\STM32_USB_Host_Library\Core\Src\usbh_core.o
                0x0800676c                USBH_RegisterClass
 .text.USBH_SelectInterface
                0x080067c0       0x38 Middlewares\ST\STM32_USB_Host_Library\Core\Src\usbh_core.o
                0x080067c0                USBH_SelectInterface
 .text.USBH_FindInterface
                0x080067f8       0x8c Middlewares\ST\STM32_USB_Host_Library\Core\Src\usbh_core.o
                0x080067f8                USBH_FindInterface
 .text.USBH_Start
                0x08006884       0x20 Middlewares\ST\STM32_USB_Host_Library\Core\Src\usbh_core.o
                0x08006884                USBH_Start
 .text.USBH_Process
                0x080068a4      0x3c0 Middlewares\ST\STM32_USB_Host_Library\Core\Src\usbh_core.o
                0x080068a4                USBH_Process
 .text.USBH_HandleEnum
                0x08006c64      0x3c8 Middlewares\ST\STM32_USB_Host_Library\Core\Src\usbh_core.o
 .text.USBH_LL_SetTimer
                0x0800702c       0x1e Middlewares\ST\STM32_USB_Host_Library\Core\Src\usbh_core.o
                0x0800702c                USBH_LL_SetTimer
 .text.USBH_LL_IncTimer
                0x0800704a       0x24 Middlewares\ST\STM32_USB_Host_Library\Core\Src\usbh_core.o
                0x0800704a                USBH_LL_IncTimer
 .text.USBH_HandleSof
                0x0800706e       0x30 Middlewares\ST\STM32_USB_Host_Library\Core\Src\usbh_core.o
 .text.USBH_LL_PortEnabled
                0x0800709e       0x1c Middlewares\ST\STM32_USB_Host_Library\Core\Src\usbh_core.o
                0x0800709e                USBH_LL_PortEnabled
 .text.USBH_LL_PortDisabled
                0x080070ba       0x1c Middlewares\ST\STM32_USB_Host_Library\Core\Src\usbh_core.o
                0x080070ba                USBH_LL_PortDisabled
 .text.USBH_LL_Connect
                0x080070d6       0x2e Middlewares\ST\STM32_USB_Host_Library\Core\Src\usbh_core.o
                0x080070d6                USBH_LL_Connect
 .text.USBH_LL_Disconnect
                0x08007104       0x48 Middlewares\ST\STM32_USB_Host_Library\Core\Src\usbh_core.o
                0x08007104                USBH_LL_Disconnect
 .text.USBH_Get_DevDesc
                0x0800714c       0x50 Middlewares\ST\STM32_USB_Host_Library\Core\Src\usbh_ctlreq.o
                0x0800714c                USBH_Get_DevDesc
 .text.USBH_Get_CfgDesc
                0x0800719c       0x48 Middlewares\ST\STM32_USB_Host_Library\Core\Src\usbh_ctlreq.o
                0x0800719c                USBH_Get_CfgDesc
 .text.USBH_Get_StringDesc
                0x080071e4       0x56 Middlewares\ST\STM32_USB_Host_Library\Core\Src\usbh_ctlreq.o
                0x080071e4                USBH_Get_StringDesc
 .text.USBH_GetDescriptor
                0x0800723a       0x6a Middlewares\ST\STM32_USB_Host_Library\Core\Src\usbh_ctlreq.o
                0x0800723a                USBH_GetDescriptor
 .text.USBH_SetAddress
                0x080072a4       0x48 Middlewares\ST\STM32_USB_Host_Library\Core\Src\usbh_ctlreq.o
                0x080072a4                USBH_SetAddress
 .text.USBH_SetCfg
                0x080072ec       0x46 Middlewares\ST\STM32_USB_Host_Library\Core\Src\usbh_ctlreq.o
                0x080072ec                USBH_SetCfg
 .text.USBH_SetFeature
                0x08007332       0x48 Middlewares\ST\STM32_USB_Host_Library\Core\Src\usbh_ctlreq.o
                0x08007332                USBH_SetFeature
 .text.USBH_ClrFeature
                0x0800737a       0x48 Middlewares\ST\STM32_USB_Host_Library\Core\Src\usbh_ctlreq.o
                0x0800737a                USBH_ClrFeature
 .text.USBH_ParseDevDesc
                0x080073c2       0xe0 Middlewares\ST\STM32_USB_Host_Library\Core\Src\usbh_ctlreq.o
 .text.USBH_ParseCfgDesc
                0x080074a2      0x144 Middlewares\ST\STM32_USB_Host_Library\Core\Src\usbh_ctlreq.o
 .text.USBH_ParseInterfaceDesc
                0x080075e6       0x5e Middlewares\ST\STM32_USB_Host_Library\Core\Src\usbh_ctlreq.o
 .text.USBH_ParseEPDesc
                0x08007644       0x5a Middlewares\ST\STM32_USB_Host_Library\Core\Src\usbh_ctlreq.o
 .text.USBH_ParseStringDesc
                0x0800769e       0x66 Middlewares\ST\STM32_USB_Host_Library\Core\Src\usbh_ctlreq.o
 .text.USBH_GetNextDesc
                0x08007704       0x36 Middlewares\ST\STM32_USB_Host_Library\Core\Src\usbh_ctlreq.o
                0x08007704                USBH_GetNextDesc
 .text.USBH_CtlReq
                0x0800773a       0x7a Middlewares\ST\STM32_USB_Host_Library\Core\Src\usbh_ctlreq.o
                0x0800773a                USBH_CtlReq
 .text.USBH_HandleControl
                0x080077b4      0x2ec Middlewares\ST\STM32_USB_Host_Library\Core\Src\usbh_ctlreq.o
 .text.USBH_CtlSendSetup
                0x08007aa0       0x34 Middlewares\ST\STM32_USB_Host_Library\Core\Src\usbh_ioreq.o
                0x08007aa0                USBH_CtlSendSetup
 .text.USBH_CtlSendData
                0x08007ad4       0x4a Middlewares\ST\STM32_USB_Host_Library\Core\Src\usbh_ioreq.o
                0x08007ad4                USBH_CtlSendData
 .text.USBH_CtlReceiveData
                0x08007b1e       0x3c Middlewares\ST\STM32_USB_Host_Library\Core\Src\usbh_ioreq.o
                0x08007b1e                USBH_CtlReceiveData
 .text.USBH_BulkSendData
                0x08007b5a       0x4a Middlewares\ST\STM32_USB_Host_Library\Core\Src\usbh_ioreq.o
                0x08007b5a                USBH_BulkSendData
 .text.USBH_BulkReceiveData
                0x08007ba4       0x3c Middlewares\ST\STM32_USB_Host_Library\Core\Src\usbh_ioreq.o
                0x08007ba4                USBH_BulkReceiveData
 .text.USBH_OpenPipe
                0x08007be0       0x3e Middlewares\ST\STM32_USB_Host_Library\Core\Src\usbh_pipes.o
                0x08007be0                USBH_OpenPipe
 .text.USBH_ClosePipe
                0x08007c1e       0x20 Middlewares\ST\STM32_USB_Host_Library\Core\Src\usbh_pipes.o
                0x08007c1e                USBH_ClosePipe
 .text.USBH_AllocPipe
                0x08007c3e       0x42 Middlewares\ST\STM32_USB_Host_Library\Core\Src\usbh_pipes.o
                0x08007c3e                USBH_AllocPipe
 .text.USBH_FreePipe
                0x08007c80       0x3e Middlewares\ST\STM32_USB_Host_Library\Core\Src\usbh_pipes.o
                0x08007c80                USBH_FreePipe
 .text.USBH_GetFreePipe
                0x08007cbe       0x48 Middlewares\ST\STM32_USB_Host_Library\Core\Src\usbh_pipes.o
 *fill*         0x08007d06        0x2 
 .text.disk_status
                0x08007d08       0x34 Middlewares\Third_Party\FatFs\src\diskio.o
                0x08007d08                disk_status
 .text.disk_initialize
                0x08007d3c       0x4c Middlewares\Third_Party\FatFs\src\diskio.o
                0x08007d3c                disk_initialize
 .text.disk_read
                0x08007d88       0x40 Middlewares\Third_Party\FatFs\src\diskio.o
                0x08007d88                disk_read
 .text.disk_write
                0x08007dc8       0x40 Middlewares\Third_Party\FatFs\src\diskio.o
                0x08007dc8                disk_write
 .text.disk_ioctl
                0x08007e08       0x3c Middlewares\Third_Party\FatFs\src\diskio.o
                0x08007e08                disk_ioctl
 .text.ld_word  0x08007e44       0x30 Middlewares\Third_Party\FatFs\src\ff.o
 .text.ld_dword
                0x08007e74       0x46 Middlewares\Third_Party\FatFs\src\ff.o
 .text.st_word  0x08007eba       0x36 Middlewares\Third_Party\FatFs\src\ff.o
 .text.st_dword
                0x08007ef0       0x58 Middlewares\Third_Party\FatFs\src\ff.o
 .text.mem_cpy  0x08007f48       0x42 Middlewares\Third_Party\FatFs\src\ff.o
 .text.mem_set  0x08007f8a       0x34 Middlewares\Third_Party\FatFs\src\ff.o
 .text.mem_cmp  0x08007fbe       0x4e Middlewares\Third_Party\FatFs\src\ff.o
 .text.chk_chr  0x0800800c       0x36 Middlewares\Third_Party\FatFs\src\ff.o
 *fill*         0x08008042        0x2 
 .text.chk_lock
                0x08008044       0xb8 Middlewares\Third_Party\FatFs\src\ff.o
 .text.enq_lock
                0x080080fc       0x44 Middlewares\Third_Party\FatFs\src\ff.o
 .text.inc_lock
                0x08008140      0x11c Middlewares\Third_Party\FatFs\src\ff.o
 .text.dec_lock
                0x0800825c       0x78 Middlewares\Third_Party\FatFs\src\ff.o
 .text.clear_lock
                0x080082d4       0x48 Middlewares\Third_Party\FatFs\src\ff.o
 .text.sync_window
                0x0800831c       0x88 Middlewares\Third_Party\FatFs\src\ff.o
 .text.move_window
                0x080083a4       0x5a Middlewares\Third_Party\FatFs\src\ff.o
 *fill*         0x080083fe        0x2 
 .text.sync_fs  0x08008400       0xe0 Middlewares\Third_Party\FatFs\src\ff.o
 .text.clust2sect
                0x080084e0       0x3e Middlewares\Third_Party\FatFs\src\ff.o
 .text.get_fat  0x0800851e      0x1a0 Middlewares\Third_Party\FatFs\src\ff.o
 .text.put_fat  0x080086be      0x22e Middlewares\Third_Party\FatFs\src\ff.o
 .text.remove_chain
                0x080088ec       0xca Middlewares\Third_Party\FatFs\src\ff.o
 .text.create_chain
                0x080089b6      0x130 Middlewares\Third_Party\FatFs\src\ff.o
 .text.clmt_clust
                0x08008ae6       0x70 Middlewares\Third_Party\FatFs\src\ff.o
 .text.dir_sdi  0x08008b56      0x112 Middlewares\Third_Party\FatFs\src\ff.o
 .text.dir_next
                0x08008c68      0x1ac Middlewares\Third_Party\FatFs\src\ff.o
 .text.dir_alloc
                0x08008e14       0x8e Middlewares\Third_Party\FatFs\src\ff.o
 .text.ld_clust
                0x08008ea2       0x3e Middlewares\Third_Party\FatFs\src\ff.o
 .text.st_clust
                0x08008ee0       0x40 Middlewares\Third_Party\FatFs\src\ff.o
 .text.dir_find
                0x08008f20       0xaa Middlewares\Third_Party\FatFs\src\ff.o
 .text.dir_register
                0x08008fca       0x64 Middlewares\Third_Party\FatFs\src\ff.o
 *fill*         0x0800902e        0x2 
 .text.create_name
                0x08009030      0x128 Middlewares\Third_Party\FatFs\src\ff.o
 .text.follow_path
                0x08009158       0xec Middlewares\Third_Party\FatFs\src\ff.o
 .text.get_ldnumber
                0x08009244       0x88 Middlewares\Third_Party\FatFs\src\ff.o
 .text.check_fs
                0x080092cc       0xac Middlewares\Third_Party\FatFs\src\ff.o
 .text.find_volume
                0x08009378      0x508 Middlewares\Third_Party\FatFs\src\ff.o
 .text.validate
                0x08009880       0x6a Middlewares\Third_Party\FatFs\src\ff.o
 *fill*         0x080098ea        0x2 
 .text.f_mount  0x080098ec       0x8c Middlewares\Third_Party\FatFs\src\ff.o
                0x080098ec                f_mount
 .text.f_open   0x08009978      0x398 Middlewares\Third_Party\FatFs\src\ff.o
                0x08009978                f_open
 .text.f_read   0x08009d10      0x2be Middlewares\Third_Party\FatFs\src\ff.o
                0x08009d10                f_read
 .text.f_sync   0x08009fce       0xfc Middlewares\Third_Party\FatFs\src\ff.o
                0x08009fce                f_sync
 .text.f_close  0x0800a0ca       0x54 Middlewares\Third_Party\FatFs\src\ff.o
                0x0800a0ca                f_close
 *fill*         0x0800a11e        0x2 
 .text.FATFS_LinkDriverEx
                0x0800a120       0x98 Middlewares\Third_Party\FatFs\src\ff_gen_drv.o
                0x0800a120                FATFS_LinkDriverEx
 .text.FATFS_LinkDriver
                0x0800a1b8       0x1e Middlewares\Third_Party\FatFs\src\ff_gen_drv.o
                0x0800a1b8                FATFS_LinkDriver
 *fill*         0x0800a1d6        0x2 
 .text.MX_USB_HOST_Init
                0x0800a1d8       0x4c USB_HOST\App\usb_host.o
                0x0800a1d8                MX_USB_HOST_Init
 .text.MX_USB_HOST_Process
                0x0800a224       0x14 USB_HOST\App\usb_host.o
                0x0800a224                MX_USB_HOST_Process
 .text.USBH_UserProcess
                0x0800a238       0x5c USB_HOST\App\usb_host.o
 .text.HAL_HCD_MspInit
                0x0800a294       0xc4 USB_HOST\Target\usbh_conf.o
                0x0800a294                HAL_HCD_MspInit
 .text.HAL_HCD_SOF_Callback
                0x0800a358       0x1c USB_HOST\Target\usbh_conf.o
                0x0800a358                HAL_HCD_SOF_Callback
 .text.HAL_HCD_Connect_Callback
                0x0800a374       0x1c USB_HOST\Target\usbh_conf.o
                0x0800a374                HAL_HCD_Connect_Callback
 .text.HAL_HCD_Disconnect_Callback
                0x0800a390       0x1c USB_HOST\Target\usbh_conf.o
                0x0800a390                HAL_HCD_Disconnect_Callback
 .text.HAL_HCD_HC_NotifyURBChange_Callback
                0x0800a3ac       0x1c USB_HOST\Target\usbh_conf.o
                0x0800a3ac                HAL_HCD_HC_NotifyURBChange_Callback
 .text.HAL_HCD_PortEnabled_Callback
                0x0800a3c8       0x1c USB_HOST\Target\usbh_conf.o
                0x0800a3c8                HAL_HCD_PortEnabled_Callback
 .text.HAL_HCD_PortDisabled_Callback
                0x0800a3e4       0x1c USB_HOST\Target\usbh_conf.o
                0x0800a3e4                HAL_HCD_PortDisabled_Callback
 .text.USBH_LL_Init
                0x0800a400       0x78 USB_HOST\Target\usbh_conf.o
                0x0800a400                USBH_LL_Init
 .text.USBH_LL_Start
                0x0800a478       0x36 USB_HOST\Target\usbh_conf.o
                0x0800a478                USBH_LL_Start
 .text.USBH_LL_Stop
                0x0800a4ae       0x36 USB_HOST\Target\usbh_conf.o
                0x0800a4ae                USBH_LL_Stop
 .text.USBH_LL_GetSpeed
                0x0800a4e4       0x4a USB_HOST\Target\usbh_conf.o
                0x0800a4e4                USBH_LL_GetSpeed
 .text.USBH_LL_ResetPort
                0x0800a52e       0x36 USB_HOST\Target\usbh_conf.o
                0x0800a52e                USBH_LL_ResetPort
 .text.USBH_LL_GetLastXferSize
                0x0800a564       0x26 USB_HOST\Target\usbh_conf.o
                0x0800a564                USBH_LL_GetLastXferSize
 .text.USBH_LL_OpenPipe
                0x0800a58a       0x5e USB_HOST\Target\usbh_conf.o
                0x0800a58a                USBH_LL_OpenPipe
 .text.USBH_LL_ClosePipe
                0x0800a5e8       0x3e USB_HOST\Target\usbh_conf.o
                0x0800a5e8                USBH_LL_ClosePipe
 .text.USBH_LL_SubmitURB
                0x0800a626       0x62 USB_HOST\Target\usbh_conf.o
                0x0800a626                USBH_LL_SubmitURB
 .text.USBH_LL_GetURBState
                0x0800a688       0x26 USB_HOST\Target\usbh_conf.o
                0x0800a688                USBH_LL_GetURBState
 .text.USBH_LL_DriverVBUS
                0x0800a6ae       0x2e USB_HOST\Target\usbh_conf.o
                0x0800a6ae                USBH_LL_DriverVBUS
 .text.USBH_LL_SetToggle
                0x0800a6dc       0x60 USB_HOST\Target\usbh_conf.o
                0x0800a6dc                USBH_LL_SetToggle
 .text.USBH_LL_GetToggle
                0x0800a73c       0x60 USB_HOST\Target\usbh_conf.o
                0x0800a73c                USBH_LL_GetToggle
 .text.USBH_Delay
                0x0800a79c       0x16 USB_HOST\Target\usbh_conf.o
                0x0800a79c                USBH_Delay
 *fill*         0x0800a7b2        0x2 
 .text.USBH_Get_USB_Status
                0x0800a7b4       0x58 USB_HOST\Target\usbh_conf.o
                0x0800a7b4                USBH_Get_USB_Status
 .text.MX_DriverVbusFS
                0x0800a80c       0x38 USB_HOST\Target\usbh_platform.o
                0x0800a80c                MX_DriverVbusFS
 .text.Reset_Handler
                0x0800a844       0x50 startup\startup_stm32f439xx.o
                0x0800a844                Reset_Handler
 .text.Default_Handler
                0x0800a894        0x2 startup\startup_stm32f439xx.o
                0x0800a894                RTC_Alarm_IRQHandler
                0x0800a894                HASH_RNG_IRQHandler
                0x0800a894                EXTI2_IRQHandler
                0x0800a894                TIM8_CC_IRQHandler
                0x0800a894                UART8_IRQHandler
                0x0800a894                SPI4_IRQHandler
                0x0800a894                TIM1_CC_IRQHandler
                0x0800a894                DMA2_Stream5_IRQHandler
                0x0800a894                DMA1_Stream5_IRQHandler
                0x0800a894                PVD_IRQHandler
                0x0800a894                SDIO_IRQHandler
                0x0800a894                TAMP_STAMP_IRQHandler
                0x0800a894                CAN2_RX1_IRQHandler
                0x0800a894                EXTI3_IRQHandler
                0x0800a894                TIM8_TRG_COM_TIM14_IRQHandler
                0x0800a894                TIM1_UP_TIM10_IRQHandler
                0x0800a894                TIM8_UP_TIM13_IRQHandler
                0x0800a894                I2C3_ER_IRQHandler
                0x0800a894                EXTI0_IRQHandler
                0x0800a894                I2C2_EV_IRQHandler
                0x0800a894                DMA1_Stream2_IRQHandler
                0x0800a894                CAN1_RX0_IRQHandler
                0x0800a894                FPU_IRQHandler
                0x0800a894                OTG_HS_WKUP_IRQHandler
                0x0800a894                LTDC_ER_IRQHandler
                0x0800a894                CAN2_SCE_IRQHandler
                0x0800a894                DMA2_Stream2_IRQHandler
                0x0800a894                SPI1_IRQHandler
                0x0800a894                TIM6_DAC_IRQHandler
                0x0800a894                TIM1_BRK_TIM9_IRQHandler
                0x0800a894                DCMI_IRQHandler
                0x0800a894                CAN2_RX0_IRQHandler
                0x0800a894                DMA2_Stream3_IRQHandler
                0x0800a894                USART6_IRQHandler
                0x0800a894                USART3_IRQHandler
                0x0800a894                CRYP_IRQHandler
                0x0800a894                CAN1_RX1_IRQHandler
                0x0800a894                UART5_IRQHandler
                0x0800a894                DMA2_Stream0_IRQHandler
                0x0800a894                TIM4_IRQHandler
                0x0800a894                I2C1_EV_IRQHandler
                0x0800a894                DMA1_Stream6_IRQHandler
                0x0800a894                DMA1_Stream1_IRQHandler
                0x0800a894                UART4_IRQHandler
                0x0800a894                TIM3_IRQHandler
                0x0800a894                RCC_IRQHandler
                0x0800a894                TIM8_BRK_TIM12_IRQHandler
                0x0800a894                Default_Handler
                0x0800a894                EXTI15_10_IRQHandler
                0x0800a894                ADC_IRQHandler
                0x0800a894                DMA1_Stream7_IRQHandler
                0x0800a894                SPI5_IRQHandler
                0x0800a894                TIM7_IRQHandler
                0x0800a894                CAN2_TX_IRQHandler
                0x0800a894                TIM5_IRQHandler
                0x0800a894                DMA2_Stream7_IRQHandler
                0x0800a894                I2C3_EV_IRQHandler
                0x0800a894                EXTI9_5_IRQHandler
                0x0800a894                RTC_WKUP_IRQHandler
                0x0800a894                LTDC_IRQHandler
                0x0800a894                ETH_WKUP_IRQHandler
                0x0800a894                SPI2_IRQHandler
                0x0800a894                OTG_HS_EP1_IN_IRQHandler
                0x0800a894                DMA1_Stream0_IRQHandler
                0x0800a894                CAN1_TX_IRQHandler
                0x0800a894                EXTI4_IRQHandler
                0x0800a894                ETH_IRQHandler
                0x0800a894                OTG_HS_EP1_OUT_IRQHandler
                0x0800a894                WWDG_IRQHandler
                0x0800a894                SPI6_IRQHandler
                0x0800a894                TIM2_IRQHandler
                0x0800a894                OTG_FS_WKUP_IRQHandler
                0x0800a894                TIM1_TRG_COM_TIM11_IRQHandler
                0x0800a894                OTG_HS_IRQHandler
                0x0800a894                DMA2D_IRQHandler
                0x0800a894                EXTI1_IRQHandler
                0x0800a894                UART7_IRQHandler
                0x0800a894                USART2_IRQHandler
                0x0800a894                I2C2_ER_IRQHandler
                0x0800a894                DMA2_Stream1_IRQHandler
                0x0800a894                CAN1_SCE_IRQHandler
                0x0800a894                FLASH_IRQHandler
                0x0800a894                DMA2_Stream4_IRQHandler
                0x0800a894                USART1_IRQHandler
                0x0800a894                SPI3_IRQHandler
                0x0800a894                DMA1_Stream4_IRQHandler
                0x0800a894                I2C1_ER_IRQHandler
                0x0800a894                FMC_IRQHandler
                0x0800a894                DMA2_Stream6_IRQHandler
                0x0800a894                SAI1_IRQHandler
                0x0800a894                DMA1_Stream3_IRQHandler
 *fill*         0x0800a896        0x2 
 .text.__errno  0x0800a898        0xc c:/program files (x86)/atollic/truestudio for stm32 9.3.0/armtools/bin/../lib/gcc/arm-atollic-eabi/6.3.1/../../../../arm-atollic-eabi/lib/armv7e-m/fpu\libc_nano.a(lib_a-errno.o)
                0x0800a898                __errno
 .text.__libc_init_array
                0x0800a8a4       0x48 c:/program files (x86)/atollic/truestudio for stm32 9.3.0/armtools/bin/../lib/gcc/arm-atollic-eabi/6.3.1/../../../../arm-atollic-eabi/lib/armv7e-m/fpu\libc_nano.a(lib_a-init.o)
                0x0800a8a4                __libc_init_array
 .text.malloc   0x0800a8ec       0x10 c:/program files (x86)/atollic/truestudio for stm32 9.3.0/armtools/bin/../lib/gcc/arm-atollic-eabi/6.3.1/../../../../arm-atollic-eabi/lib/armv7e-m/fpu\libc_nano.a(lib_a-malloc.o)
                0x0800a8ec                malloc
 .text.free     0x0800a8fc       0x10 c:/program files (x86)/atollic/truestudio for stm32 9.3.0/armtools/bin/../lib/gcc/arm-atollic-eabi/6.3.1/../../../../arm-atollic-eabi/lib/armv7e-m/fpu\libc_nano.a(lib_a-malloc.o)
                0x0800a8fc                free
 .text.memcpy   0x0800a90c       0x16 c:/program files (x86)/atollic/truestudio for stm32 9.3.0/armtools/bin/../lib/gcc/arm-atollic-eabi/6.3.1/../../../../arm-atollic-eabi/lib/armv7e-m/fpu\libc_nano.a(lib_a-memcpy-stub.o)
                0x0800a90c                memcpy
 .text.memset   0x0800a922       0x10 c:/program files (x86)/atollic/truestudio for stm32 9.3.0/armtools/bin/../lib/gcc/arm-atollic-eabi/6.3.1/../../../../arm-atollic-eabi/lib/armv7e-m/fpu\libc_nano.a(lib_a-memset.o)
                0x0800a922                memset
 *fill*         0x0800a932        0x2 
 .text._free_r  0x0800a934       0x9c c:/program files (x86)/atollic/truestudio for stm32 9.3.0/armtools/bin/../lib/gcc/arm-atollic-eabi/6.3.1/../../../../arm-atollic-eabi/lib/armv7e-m/fpu\libc_nano.a(lib_a-nano-freer.o)
                0x0800a934                _free_r
 .text._malloc_r
                0x0800a9d0       0xbc c:/program files (x86)/atollic/truestudio for stm32 9.3.0/armtools/bin/../lib/gcc/arm-atollic-eabi/6.3.1/../../../../arm-atollic-eabi/lib/armv7e-m/fpu\libc_nano.a(lib_a-nano-mallocr.o)
                0x0800a9d0                _malloc_r
 .text._sbrk_r  0x0800aa8c       0x20 c:/program files (x86)/atollic/truestudio for stm32 9.3.0/armtools/bin/../lib/gcc/arm-atollic-eabi/6.3.1/../../../../arm-atollic-eabi/lib/armv7e-m/fpu\libc_nano.a(lib_a-sbrkr.o)
                0x0800aa8c                _sbrk_r
 .text.__malloc_lock
                0x0800aaac        0x2 c:/program files (x86)/atollic/truestudio for stm32 9.3.0/armtools/bin/../lib/gcc/arm-atollic-eabi/6.3.1/../../../../arm-atollic-eabi/lib/armv7e-m/fpu\libc_nano.a(lib_a-mlock.o)
                0x0800aaac                __malloc_lock
 .text.__malloc_unlock
                0x0800aaae        0x2 c:/program files (x86)/atollic/truestudio for stm32 9.3.0/armtools/bin/../lib/gcc/arm-atollic-eabi/6.3.1/../../../../arm-atollic-eabi/lib/armv7e-m/fpu\libc_nano.a(lib_a-mlock.o)
                0x0800aaae                __malloc_unlock
 *(.glue_7)
 .glue_7        0x0800aab0        0x0 linker stubs
 *(.glue_7t)
 .glue_7t       0x0800aab0        0x0 linker stubs
 *(.eh_frame)
 .eh_frame      0x0800aab0        0x0 c:/program files (x86)/atollic/truestudio for stm32 9.3.0/armtools/bin/../lib/gcc/arm-atollic-eabi/6.3.1/armv7e-m/fpu/crtbegin.o
 *(.init)
 .init          0x0800aab0        0x4 c:/program files (x86)/atollic/truestudio for stm32 9.3.0/armtools/bin/../lib/gcc/arm-atollic-eabi/6.3.1/armv7e-m/fpu/crti.o
                0x0800aab0                _init
 .init          0x0800aab4        0x8 c:/program files (x86)/atollic/truestudio for stm32 9.3.0/armtools/bin/../lib/gcc/arm-atollic-eabi/6.3.1/armv7e-m/fpu/crtn.o
 *(.fini)
 .fini          0x0800aabc        0x4 c:/program files (x86)/atollic/truestudio for stm32 9.3.0/armtools/bin/../lib/gcc/arm-atollic-eabi/6.3.1/armv7e-m/fpu/crti.o
                0x0800aabc                _fini
 .fini          0x0800aac0        0x8 c:/program files (x86)/atollic/truestudio for stm32 9.3.0/armtools/bin/../lib/gcc/arm-atollic-eabi/6.3.1/armv7e-m/fpu/crtn.o
                0x0800aac8                . = ALIGN (0x4)
                0x0800aac8                _etext = .

.vfp11_veneer   0x0800aac8        0x0
 .vfp11_veneer  0x0800aac8        0x0 linker stubs

.v4_bx          0x0800aac8        0x0
 .v4_bx         0x0800aac8        0x0 linker stubs

.iplt           0x0800aac8        0x0
 .iplt          0x0800aac8        0x0 c:/program files (x86)/atollic/truestudio for stm32 9.3.0/armtools/bin/../lib/gcc/arm-atollic-eabi/6.3.1/armv7e-m/fpu/crtbegin.o

.rodata         0x0800aac8      0x108
                0x0800aac8                . = ALIGN (0x4)
 *(.rodata)
 .rodata        0x0800aac8       0x1a Core\Src\command.o
 *fill*         0x0800aae2        0x2 
 .rodata        0x0800aae4        0x4 Middlewares\ST\STM32_USB_Host_Library\Class\MSC\Src\usbh_msc.o
 .rodata        0x0800aae8       0x44 Middlewares\Third_Party\FatFs\src\ff.o
 *(.rodata*)
 .rodata.AHBPrescTable
                0x0800ab2c       0x10 Core\Src\system_stm32f4xx.o
                0x0800ab2c                AHBPrescTable
 .rodata.USBH_Driver
                0x0800ab3c       0x14 FATFS\Target\usbh_diskio.o
                0x0800ab3c                USBH_Driver
 .rodata.ExCvt  0x0800ab50       0x80 Middlewares\Third_Party\FatFs\src\ff.o
                0x0800abd0                . = ALIGN (0x4)

.ARM.extab
 *(.ARM.extab* .gnu.linkonce.armextab.*)

.ARM            0x0800abd0        0x8
                0x0800abd0                __exidx_start = .
 *(.ARM.exidx*)
 .ARM.exidx     0x0800abd0        0x8 c:/program files (x86)/atollic/truestudio for stm32 9.3.0/armtools/bin/../lib/gcc/arm-atollic-eabi/6.3.1/armv7e-m/fpu\libgcc.a(_udivmoddi4.o)
                0x0800abd8                __exidx_end = .

.rel.dyn        0x0800abd8        0x0
 .rel.iplt      0x0800abd8        0x0 c:/program files (x86)/atollic/truestudio for stm32 9.3.0/armtools/bin/../lib/gcc/arm-atollic-eabi/6.3.1/armv7e-m/fpu/crtbegin.o

.preinit_array  0x0800abd8        0x0
                0x0800abd8                PROVIDE (__preinit_array_start, .)
 *(.preinit_array*)
                0x0800abd8                PROVIDE (__preinit_array_end, .)

.init_array     0x0800abd8        0x4
                0x0800abd8                PROVIDE (__init_array_start, .)
 *(SORT(.init_array.*))
 *(.init_array*)
 .init_array    0x0800abd8        0x4 c:/program files (x86)/atollic/truestudio for stm32 9.3.0/armtools/bin/../lib/gcc/arm-atollic-eabi/6.3.1/armv7e-m/fpu/crtbegin.o
                0x0800abdc                PROVIDE (__init_array_end, .)

.fini_array     0x0800abdc        0x4
                [!provide]                PROVIDE (__fini_array_start, .)
 *(SORT(.fini_array.*))
 *(.fini_array*)
 .fini_array    0x0800abdc        0x4 c:/program files (x86)/atollic/truestudio for stm32 9.3.0/armtools/bin/../lib/gcc/arm-atollic-eabi/6.3.1/armv7e-m/fpu/crtbegin.o
                [!provide]                PROVIDE (__fini_array_end, .)
                0x0800abe0                _sidata = LOADADDR (.data)

.data           0x20000000       0x94 load address 0x0800abe0
                0x20000000                . = ALIGN (0x4)
                0x20000000                _sdata = .
 *(.data)
 *(.data*)
 .data.LastPGAddress
                0x20000000        0x4 Core\Src\command.o
 .data.SystemCoreClock
                0x20000004        0x4 Core\Src\system_stm32f4xx.o
                0x20000004                SystemCoreClock
 .data.uwTickPrio
                0x20000008        0x4 Drivers\STM32F4xx_HAL_Driver\Src\stm32f4xx_hal.o
                0x20000008                uwTickPrio
 .data.uwTickFreq
                0x2000000c        0x1 Drivers\STM32F4xx_HAL_Driver\Src\stm32f4xx_hal.o
                0x2000000c                uwTickFreq
 *fill*         0x2000000d        0x3 
 .data.USBH_msc
                0x20000010       0x20 Middlewares\ST\STM32_USB_Host_Library\Class\MSC\Src\usbh_msc.o
                0x20000010                USBH_msc
 .data._impure_ptr
                0x20000030        0x4 c:/program files (x86)/atollic/truestudio for stm32 9.3.0/armtools/bin/../lib/gcc/arm-atollic-eabi/6.3.1/../../../../arm-atollic-eabi/lib/armv7e-m/fpu\libc_nano.a(lib_a-impure.o)
                0x20000030                _impure_ptr
 .data.impure_data
                0x20000034       0x60 c:/program files (x86)/atollic/truestudio for stm32 9.3.0/armtools/bin/../lib/gcc/arm-atollic-eabi/6.3.1/../../../../arm-atollic-eabi/lib/armv7e-m/fpu\libc_nano.a(lib_a-impure.o)
                0x20000094                . = ALIGN (0x4)
                0x20000094                _edata = .
                0x0800ac74                _siccmram = LOADADDR (.ccmram)

.igot.plt       0x20000094        0x0 load address 0x0800ac74
 .igot.plt      0x20000094        0x0 c:/program files (x86)/atollic/truestudio for stm32 9.3.0/armtools/bin/../lib/gcc/arm-atollic-eabi/6.3.1/armv7e-m/fpu/crtbegin.o

.ccmram         0x10000000        0x0 load address 0x0800ac74
                0x10000000                . = ALIGN (0x4)
                0x10000000                _sccmram = .
 *(.ccmram)
 *(.ccmram*)
                0x10000000                . = ALIGN (0x4)
                0x10000000                _eccmram = .
                0x10000000                . = ALIGN (0x4)

.bss            0x20000094     0xd8e8
                0x20000094                _sbss = .
                0x20000094                __bss_start__ = _sbss
 *(.bss)
 .bss           0x20000094       0x1c c:/program files (x86)/atollic/truestudio for stm32 9.3.0/armtools/bin/../lib/gcc/arm-atollic-eabi/6.3.1/armv7e-m/fpu/crtbegin.o
 *(.bss*)
 .bss.RAM_Buf   0x200000b0     0x8000 Core\Src\command.o
 .bss.TmpProgramCounter
                0x200080b0        0x4 Core\Src\command.o
 .bss.TmpReadSize
                0x200080b4        0x4 Core\Src\command.o
 .bss.RamAddress
                0x200080b8        0x4 Core\Src\command.o
 .bss.heap_end.7010
                0x200080bc        0x4 Core\Src\syscalls.o
 .bss.FatFs     0x200080c0        0x4 Middlewares\Third_Party\FatFs\src\ff.o
 .bss.Fsid      0x200080c4        0x2 Middlewares\Third_Party\FatFs\src\ff.o
 *fill*         0x200080c6        0x2 
 .bss.Files     0x200080c8       0x20 Middlewares\Third_Party\FatFs\src\ff.o
 .bss.disk      0x200080e8        0xc Middlewares\Third_Party\FatFs\src\ff_gen_drv.o
                0x200080e8                disk
 .bss.Appli_state
                0x200080f4        0x1 USB_HOST\App\usb_host.o
                0x200080f4                Appli_state
 *fill*         0x200080f5        0x3 
 .bss.__malloc_free_list
                0x200080f8        0x4 c:/program files (x86)/atollic/truestudio for stm32 9.3.0/armtools/bin/../lib/gcc/arm-atollic-eabi/6.3.1/../../../../arm-atollic-eabi/lib/armv7e-m/fpu\libc_nano.a(lib_a-nano-mallocr.o)
                0x200080f8                __malloc_free_list
 .bss.__malloc_sbrk_start
                0x200080fc        0x4 c:/program files (x86)/atollic/truestudio for stm32 9.3.0/armtools/bin/../lib/gcc/arm-atollic-eabi/6.3.1/../../../../arm-atollic-eabi/lib/armv7e-m/fpu\libc_nano.a(lib_a-nano-mallocr.o)
                0x200080fc                __malloc_sbrk_start
 *(COMMON)
 COMMON         0x20008100     0x1030 Core\Src\command.o
                0x20008100                fileR
 COMMON         0x20009130     0x20d9 Core\Src\main.o
                0x20009130                myFile
                0x2000a160                byteswritten
                0x2000a164                hcrc
                0x2000a16c                bytesread
                0x2000a170                rwtext
                0x2000a1d4                myUsbFatFS
                0x2000b208                res
 *fill*         0x2000b209        0x3 
 COMMON         0x2000b20c        0x4 Drivers\STM32F4xx_HAL_Driver\Src\stm32f4xx_hal.o
                0x2000b20c                uwTick
 COMMON         0x2000b210       0x20 Drivers\STM32F4xx_HAL_Driver\Src\stm32f4xx_hal_flash.o
                0x2000b210                pFlash
 COMMON         0x2000b230     0x2069 FATFS\App\fatfs.o
                0x2000b230                USBHPath
                0x2000b234                USBHFile
                0x2000c264                USBHFatFS
                0x2000d298                retUSBH
 *fill*         0x2000d299        0x3 
 COMMON         0x2000d29c      0x3d8 USB_HOST\App\usb_host.o
                0x2000d29c                hUsbHostFS
 COMMON         0x2000d674      0x304 USB_HOST\Target\usbh_conf.o
                0x2000d674                hhcd_USB_OTG_FS
 COMMON         0x2000d978        0x4 c:/program files (x86)/atollic/truestudio for stm32 9.3.0/armtools/bin/../lib/gcc/arm-atollic-eabi/6.3.1/../../../../arm-atollic-eabi/lib/armv7e-m/fpu\libc_nano.a(lib_a-reent.o)
                0x2000d978                errno
                0x2000d97c                . = ALIGN (0x4)
                0x2000d97c                _ebss = .
                0x2000d97c                __bss_end__ = _ebss

._user_heap_stack
                0x2000d97c      0x600
                0x2000d97c                . = ALIGN (0x4)
                0x2000d97c                PROVIDE (end, .)
                [!provide]                PROVIDE (_end, .)
                0x2000db7c                . = (. + _Min_Heap_Size)
 *fill*         0x2000d97c      0x200 
                0x2000df7c                . = (. + _Min_Stack_Size)
 *fill*         0x2000db7c      0x400 
                0x2000df7c                . = ALIGN (0x4)

/DISCARD/
 libc.a(*)
 libm.a(*)
 libgcc.a(*)

.ARM.attributes
                0x00000000       0x30
 *(.ARM.attributes)
 .ARM.attributes
                0x00000000       0x22 c:/program files (x86)/atollic/truestudio for stm32 9.3.0/armtools/bin/../lib/gcc/arm-atollic-eabi/6.3.1/armv7e-m/fpu/crti.o
 .ARM.attributes
                0x00000022       0x34 c:/program files (x86)/atollic/truestudio for stm32 9.3.0/armtools/bin/../lib/gcc/arm-atollic-eabi/6.3.1/armv7e-m/fpu/crtbegin.o
 .ARM.attributes
                0x00000056       0x39 Core\Src\command.o
 .ARM.attributes
                0x0000008f       0x39 Core\Src\fash_if.o
 .ARM.attributes
                0x000000c8       0x39 Core\Src\main.o
 .ARM.attributes
                0x00000101       0x39 Core\Src\stm32f4xx_hal_msp.o
 .ARM.attributes
                0x0000013a       0x39 Core\Src\stm32f4xx_it.o
 .ARM.attributes
                0x00000173       0x39 Core\Src\syscalls.o
 .ARM.attributes
                0x000001ac       0x39 Core\Src\system_stm32f4xx.o
 .ARM.attributes
                0x000001e5       0x39 Drivers\STM32F4xx_HAL_Driver\Src\stm32f4xx_hal.o
 .ARM.attributes
                0x0000021e       0x39 Drivers\STM32F4xx_HAL_Driver\Src\stm32f4xx_hal_cortex.o
 .ARM.attributes
                0x00000257       0x39 Drivers\STM32F4xx_HAL_Driver\Src\stm32f4xx_hal_crc.o
 .ARM.attributes
                0x00000290       0x39 Drivers\STM32F4xx_HAL_Driver\Src\stm32f4xx_hal_flash.o
 .ARM.attributes
                0x000002c9       0x39 Drivers\STM32F4xx_HAL_Driver\Src\stm32f4xx_hal_flash_ex.o
 .ARM.attributes
                0x00000302       0x39 Drivers\STM32F4xx_HAL_Driver\Src\stm32f4xx_hal_gpio.o
 .ARM.attributes
                0x0000033b       0x39 Drivers\STM32F4xx_HAL_Driver\Src\stm32f4xx_hal_hcd.o
 .ARM.attributes
                0x00000374       0x39 Drivers\STM32F4xx_HAL_Driver\Src\stm32f4xx_hal_rcc.o
 .ARM.attributes
                0x000003ad       0x39 Drivers\STM32F4xx_HAL_Driver\Src\stm32f4xx_ll_usb.o
 .ARM.attributes
                0x000003e6       0x39 FATFS\App\fatfs.o
 .ARM.attributes
                0x0000041f       0x39 FATFS\Target\usbh_diskio.o
 .ARM.attributes
                0x00000458       0x39 Middlewares\ST\STM32_USB_Host_Library\Class\MSC\Src\usbh_msc.o
 .ARM.attributes
                0x00000491       0x39 Middlewares\ST\STM32_USB_Host_Library\Class\MSC\Src\usbh_msc_bot.o
 .ARM.attributes
                0x000004ca       0x39 Middlewares\ST\STM32_USB_Host_Library\Class\MSC\Src\usbh_msc_scsi.o
 .ARM.attributes
                0x00000503       0x39 Middlewares\ST\STM32_USB_Host_Library\Core\Src\usbh_core.o
 .ARM.attributes
                0x0000053c       0x39 Middlewares\ST\STM32_USB_Host_Library\Core\Src\usbh_ctlreq.o
 .ARM.attributes
                0x00000575       0x39 Middlewares\ST\STM32_USB_Host_Library\Core\Src\usbh_ioreq.o
 .ARM.attributes
                0x000005ae       0x39 Middlewares\ST\STM32_USB_Host_Library\Core\Src\usbh_pipes.o
 .ARM.attributes
                0x000005e7       0x39 Middlewares\Third_Party\FatFs\src\diskio.o
 .ARM.attributes
                0x00000620       0x39 Middlewares\Third_Party\FatFs\src\ff.o
 .ARM.attributes
                0x00000659       0x39 Middlewares\Third_Party\FatFs\src\ff_gen_drv.o
 .ARM.attributes
                0x00000692       0x39 USB_HOST\App\usb_host.o
 .ARM.attributes
                0x000006cb       0x39 USB_HOST\Target\usbh_conf.o
 .ARM.attributes
                0x00000704       0x39 USB_HOST\Target\usbh_platform.o
 .ARM.attributes
                0x0000073d       0x21 startup\startup_stm32f439xx.o
 .ARM.attributes
                0x0000075e       0x34 c:/program files (x86)/atollic/truestudio for stm32 9.3.0/armtools/bin/../lib/gcc/arm-atollic-eabi/6.3.1/../../../../arm-atollic-eabi/lib/armv7e-m/fpu\libc_nano.a(lib_a-errno.o)
 .ARM.attributes
                0x00000792       0x34 c:/program files (x86)/atollic/truestudio for stm32 9.3.0/armtools/bin/../lib/gcc/arm-atollic-eabi/6.3.1/../../../../arm-atollic-eabi/lib/armv7e-m/fpu\libc_nano.a(lib_a-impure.o)
 .ARM.attributes
                0x000007c6       0x34 c:/program files (x86)/atollic/truestudio for stm32 9.3.0/armtools/bin/../lib/gcc/arm-atollic-eabi/6.3.1/../../../../arm-atollic-eabi/lib/armv7e-m/fpu\libc_nano.a(lib_a-init.o)
 .ARM.attributes
                0x000007fa       0x34 c:/program files (x86)/atollic/truestudio for stm32 9.3.0/armtools/bin/../lib/gcc/arm-atollic-eabi/6.3.1/../../../../arm-atollic-eabi/lib/armv7e-m/fpu\libc_nano.a(lib_a-malloc.o)
 .ARM.attributes
                0x0000082e       0x34 c:/program files (x86)/atollic/truestudio for stm32 9.3.0/armtools/bin/../lib/gcc/arm-atollic-eabi/6.3.1/../../../../arm-atollic-eabi/lib/armv7e-m/fpu\libc_nano.a(lib_a-memcpy-stub.o)
 .ARM.attributes
                0x00000862       0x34 c:/program files (x86)/atollic/truestudio for stm32 9.3.0/armtools/bin/../lib/gcc/arm-atollic-eabi/6.3.1/../../../../arm-atollic-eabi/lib/armv7e-m/fpu\libc_nano.a(lib_a-memset.o)
 .ARM.attributes
                0x00000896       0x34 c:/program files (x86)/atollic/truestudio for stm32 9.3.0/armtools/bin/../lib/gcc/arm-atollic-eabi/6.3.1/../../../../arm-atollic-eabi/lib/armv7e-m/fpu\libc_nano.a(lib_a-nano-freer.o)
 .ARM.attributes
                0x000008ca       0x34 c:/program files (x86)/atollic/truestudio for stm32 9.3.0/armtools/bin/../lib/gcc/arm-atollic-eabi/6.3.1/../../../../arm-atollic-eabi/lib/armv7e-m/fpu\libc_nano.a(lib_a-nano-mallocr.o)
 .ARM.attributes
                0x000008fe       0x34 c:/program files (x86)/atollic/truestudio for stm32 9.3.0/armtools/bin/../lib/gcc/arm-atollic-eabi/6.3.1/../../../../arm-atollic-eabi/lib/armv7e-m/fpu\libc_nano.a(lib_a-sbrkr.o)
 .ARM.attributes
                0x00000932       0x34 c:/program files (x86)/atollic/truestudio for stm32 9.3.0/armtools/bin/../lib/gcc/arm-atollic-eabi/6.3.1/../../../../arm-atollic-eabi/lib/armv7e-m/fpu\libc_nano.a(lib_a-mlock.o)
 .ARM.attributes
                0x00000966       0x34 c:/program files (x86)/atollic/truestudio for stm32 9.3.0/armtools/bin/../lib/gcc/arm-atollic-eabi/6.3.1/../../../../arm-atollic-eabi/lib/armv7e-m/fpu\libc_nano.a(lib_a-reent.o)
 .ARM.attributes
                0x0000099a       0x22 c:/program files (x86)/atollic/truestudio for stm32 9.3.0/armtools/bin/../lib/gcc/arm-atollic-eabi/6.3.1/armv7e-m/fpu\libgcc.a(_aeabi_uldivmod.o)
 .ARM.attributes
                0x000009bc       0x34 c:/program files (x86)/atollic/truestudio for stm32 9.3.0/armtools/bin/../lib/gcc/arm-atollic-eabi/6.3.1/armv7e-m/fpu\libgcc.a(_udivmoddi4.o)
 .ARM.attributes
                0x000009f0       0x22 c:/program files (x86)/atollic/truestudio for stm32 9.3.0/armtools/bin/../lib/gcc/arm-atollic-eabi/6.3.1/armv7e-m/fpu\libgcc.a(_dvmd_tls.o)
 .ARM.attributes
                0x00000a12       0x22 c:/program files (x86)/atollic/truestudio for stm32 9.3.0/armtools/bin/../lib/gcc/arm-atollic-eabi/6.3.1/armv7e-m/fpu/crtn.o
OUTPUT(acid mix usb bootloader.elf elf32-littlearm)

.debug_info     0x00000000    0x222fe
 .debug_info    0x00000000     0x1842 Core\Src\command.o
 .debug_info    0x00001842      0x29c Core\Src\fash_if.o
 .debug_info    0x00001ade     0x20a3 Core\Src\main.o
 .debug_info    0x00003b81      0x37e Core\Src\stm32f4xx_hal_msp.o
 .debug_info    0x00003eff      0x6be Core\Src\stm32f4xx_it.o
 .debug_info    0x000045bd      0xf16 Core\Src\syscalls.o
 .debug_info    0x000054d3      0x570 Core\Src\system_stm32f4xx.o
 .debug_info    0x00005a43      0x9be Drivers\STM32F4xx_HAL_Driver\Src\stm32f4xx_hal.o
 .debug_info    0x00006401      0xe64 Drivers\STM32F4xx_HAL_Driver\Src\stm32f4xx_hal_cortex.o
 .debug_info    0x00007265      0x440 Drivers\STM32F4xx_HAL_Driver\Src\stm32f4xx_hal_crc.o
 .debug_info    0x000076a5      0x620 Drivers\STM32F4xx_HAL_Driver\Src\stm32f4xx_hal_flash.o
 .debug_info    0x00007cc5      0x931 Drivers\STM32F4xx_HAL_Driver\Src\stm32f4xx_hal_flash_ex.o
 .debug_info    0x000085f6      0x7dd Drivers\STM32F4xx_HAL_Driver\Src\stm32f4xx_hal_gpio.o
 .debug_info    0x00008dd3      0xe85 Drivers\STM32F4xx_HAL_Driver\Src\stm32f4xx_hal_hcd.o
 .debug_info    0x00009c58      0x91d Drivers\STM32F4xx_HAL_Driver\Src\stm32f4xx_hal_rcc.o
 .debug_info    0x0000a575     0x1925 Drivers\STM32F4xx_HAL_Driver\Src\stm32f4xx_ll_usb.o
 .debug_info    0x0000be9a     0x15bc FATFS\App\fatfs.o
 .debug_info    0x0000d456     0x16a3 FATFS\Target\usbh_diskio.o
 .debug_info    0x0000eaf9     0x1b1a Middlewares\ST\STM32_USB_Host_Library\Class\MSC\Src\usbh_msc.o
 .debug_info    0x00010613     0x1931 Middlewares\ST\STM32_USB_Host_Library\Class\MSC\Src\usbh_msc_bot.o
 .debug_info    0x00011f44     0x198f Middlewares\ST\STM32_USB_Host_Library\Class\MSC\Src\usbh_msc_scsi.o
 .debug_info    0x000138d3     0x16ae Middlewares\ST\STM32_USB_Host_Library\Core\Src\usbh_core.o
 .debug_info    0x00014f81     0x176e Middlewares\ST\STM32_USB_Host_Library\Core\Src\usbh_ctlreq.o
 .debug_info    0x000166ef     0x14db Middlewares\ST\STM32_USB_Host_Library\Core\Src\usbh_ioreq.o
 .debug_info    0x00017bca     0x131e Middlewares\ST\STM32_USB_Host_Library\Core\Src\usbh_pipes.o
 .debug_info    0x00018ee8     0x1501 Middlewares\Third_Party\FatFs\src\diskio.o
 .debug_info    0x0001a3e9     0x328c Middlewares\Third_Party\FatFs\src\ff.o
 .debug_info    0x0001d675     0x1499 Middlewares\Third_Party\FatFs\src\ff_gen_drv.o
 .debug_info    0x0001eb0e     0x1270 USB_HOST\App\usb_host.o
 .debug_info    0x0001fd7e     0x2256 USB_HOST\Target\usbh_conf.o
 .debug_info    0x00021fd4      0x27b USB_HOST\Target\usbh_platform.o
 .debug_info    0x0002224f       0xaf startup\startup_stm32f439xx.o

.debug_abbrev   0x00000000     0x4989
 .debug_abbrev  0x00000000      0x2c8 Core\Src\command.o
 .debug_abbrev  0x000002c8      0x106 Core\Src\fash_if.o
 .debug_abbrev  0x000003ce      0x416 Core\Src\main.o
 .debug_abbrev  0x000007e4      0x104 Core\Src\stm32f4xx_hal_msp.o
 .debug_abbrev  0x000008e8      0x15f Core\Src\stm32f4xx_it.o
 .debug_abbrev  0x00000a47      0x271 Core\Src\syscalls.o
 .debug_abbrev  0x00000cb8      0x126 Core\Src\system_stm32f4xx.o
 .debug_abbrev  0x00000dde      0x1c2 Drivers\STM32F4xx_HAL_Driver\Src\stm32f4xx_hal.o
 .debug_abbrev  0x00000fa0      0x2f5 Drivers\STM32F4xx_HAL_Driver\Src\stm32f4xx_hal_cortex.o
 .debug_abbrev  0x00001295      0x1b2 Drivers\STM32F4xx_HAL_Driver\Src\stm32f4xx_hal_crc.o
 .debug_abbrev  0x00001447      0x243 Drivers\STM32F4xx_HAL_Driver\Src\stm32f4xx_hal_flash.o
 .debug_abbrev  0x0000168a      0x251 Drivers\STM32F4xx_HAL_Driver\Src\stm32f4xx_hal_flash_ex.o
 .debug_abbrev  0x000018db      0x1c4 Drivers\STM32F4xx_HAL_Driver\Src\stm32f4xx_hal_gpio.o
 .debug_abbrev  0x00001a9f      0x250 Drivers\STM32F4xx_HAL_Driver\Src\stm32f4xx_hal_hcd.o
 .debug_abbrev  0x00001cef      0x240 Drivers\STM32F4xx_HAL_Driver\Src\stm32f4xx_hal_rcc.o
 .debug_abbrev  0x00001f2f      0x265 Drivers\STM32F4xx_HAL_Driver\Src\stm32f4xx_ll_usb.o
 .debug_abbrev  0x00002194      0x25b FATFS\App\fatfs.o
 .debug_abbrev  0x000023ef      0x281 FATFS\Target\usbh_diskio.o
 .debug_abbrev  0x00002670      0x307 Middlewares\ST\STM32_USB_Host_Library\Class\MSC\Src\usbh_msc.o
 .debug_abbrev  0x00002977      0x2c8 Middlewares\ST\STM32_USB_Host_Library\Class\MSC\Src\usbh_msc_bot.o
 .debug_abbrev  0x00002c3f      0x2ae Middlewares\ST\STM32_USB_Host_Library\Class\MSC\Src\usbh_msc_scsi.o
 .debug_abbrev  0x00002eed      0x35b Middlewares\ST\STM32_USB_Host_Library\Core\Src\usbh_core.o
 .debug_abbrev  0x00003248      0x314 Middlewares\ST\STM32_USB_Host_Library\Core\Src\usbh_ctlreq.o
 .debug_abbrev  0x0000355c      0x272 Middlewares\ST\STM32_USB_Host_Library\Core\Src\usbh_ioreq.o
 .debug_abbrev  0x000037ce      0x2aa Middlewares\ST\STM32_USB_Host_Library\Core\Src\usbh_pipes.o
 .debug_abbrev  0x00003a78      0x28e Middlewares\Third_Party\FatFs\src\diskio.o
 .debug_abbrev  0x00003d06      0x314 Middlewares\Third_Party\FatFs\src\ff.o
 .debug_abbrev  0x0000401a      0x2bb Middlewares\Third_Party\FatFs\src\ff_gen_drv.o
 .debug_abbrev  0x000042d5      0x261 USB_HOST\App\usb_host.o
 .debug_abbrev  0x00004536      0x342 USB_HOST\Target\usbh_conf.o
 .debug_abbrev  0x00004878       0xff USB_HOST\Target\usbh_platform.o
 .debug_abbrev  0x00004977       0x12 startup\startup_stm32f439xx.o

.debug_aranges  0x00000000     0x1108
 .debug_aranges
                0x00000000       0x40 Core\Src\command.o
 .debug_aranges
                0x00000040       0x40 Core\Src\fash_if.o
 .debug_aranges
                0x00000080       0x88 Core\Src\main.o
 .debug_aranges
                0x00000108       0x20 Core\Src\stm32f4xx_hal_msp.o
 .debug_aranges
                0x00000128       0x68 Core\Src\stm32f4xx_it.o
 .debug_aranges
                0x00000190       0xb0 Core\Src\syscalls.o
 .debug_aranges
                0x00000240       0x28 Core\Src\system_stm32f4xx.o
 .debug_aranges
                0x00000268      0x100 Drivers\STM32F4xx_HAL_Driver\Src\stm32f4xx_hal.o
 .debug_aranges
                0x00000368      0x118 Drivers\STM32F4xx_HAL_Driver\Src\stm32f4xx_hal_cortex.o
 .debug_aranges
                0x00000480       0x50 Drivers\STM32F4xx_HAL_Driver\Src\stm32f4xx_hal_crc.o
 .debug_aranges
                0x000004d0       0xa0 Drivers\STM32F4xx_HAL_Driver\Src\stm32f4xx_hal_flash.o
 .debug_aranges
                0x00000570       0xd8 Drivers\STM32F4xx_HAL_Driver\Src\stm32f4xx_hal_flash_ex.o
 .debug_aranges
                0x00000648       0x58 Drivers\STM32F4xx_HAL_Driver\Src\stm32f4xx_hal_gpio.o
 .debug_aranges
                0x000006a0       0xf8 Drivers\STM32F4xx_HAL_Driver\Src\stm32f4xx_hal_hcd.o
 .debug_aranges
                0x00000798       0x88 Drivers\STM32F4xx_HAL_Driver\Src\stm32f4xx_hal_rcc.o
 .debug_aranges
                0x00000820      0x198 Drivers\STM32F4xx_HAL_Driver\Src\stm32f4xx_ll_usb.o
 .debug_aranges
                0x000009b8       0x28 FATFS\App\fatfs.o
 .debug_aranges
                0x000009e0       0x40 FATFS\Target\usbh_diskio.o
 .debug_aranges
                0x00000a20       0x78 Middlewares\ST\STM32_USB_Host_Library\Class\MSC\Src\usbh_msc.o
 .debug_aranges
                0x00000a98       0x48 Middlewares\ST\STM32_USB_Host_Library\Class\MSC\Src\usbh_msc_bot.o
 .debug_aranges
                0x00000ae0       0x48 Middlewares\ST\STM32_USB_Host_Library\Class\MSC\Src\usbh_msc_scsi.o
 .debug_aranges
                0x00000b28       0xc0 Middlewares\ST\STM32_USB_Host_Library\Core\Src\usbh_core.o
 .debug_aranges
                0x00000be8       0xa0 Middlewares\ST\STM32_USB_Host_Library\Core\Src\usbh_ctlreq.o
 .debug_aranges
                0x00000c88       0x60 Middlewares\ST\STM32_USB_Host_Library\Core\Src\usbh_ioreq.o
 .debug_aranges
                0x00000ce8       0x40 Middlewares\ST\STM32_USB_Host_Library\Core\Src\usbh_pipes.o
 .debug_aranges
                0x00000d28       0x48 Middlewares\Third_Party\FatFs\src\diskio.o
 .debug_aranges
                0x00000d70      0x208 Middlewares\Third_Party\FatFs\src\ff.o
 .debug_aranges
                0x00000f78       0x40 Middlewares\Third_Party\FatFs\src\ff_gen_drv.o
 .debug_aranges
                0x00000fb8       0x30 USB_HOST\App\usb_host.o
 .debug_aranges
                0x00000fe8       0xd8 USB_HOST\Target\usbh_conf.o
 .debug_aranges
                0x000010c0       0x20 USB_HOST\Target\usbh_platform.o
 .debug_aranges
                0x000010e0       0x28 startup\startup_stm32f439xx.o

.debug_ranges   0x00000000      0xf28
 .debug_ranges  0x00000000       0x30 Core\Src\command.o
 .debug_ranges  0x00000030       0x30 Core\Src\fash_if.o
 .debug_ranges  0x00000060       0x90 Core\Src\main.o
 .debug_ranges  0x000000f0       0x10 Core\Src\stm32f4xx_hal_msp.o
 .debug_ranges  0x00000100       0x58 Core\Src\stm32f4xx_it.o
 .debug_ranges  0x00000158       0xa0 Core\Src\syscalls.o
 .debug_ranges  0x000001f8       0x18 Core\Src\system_stm32f4xx.o
 .debug_ranges  0x00000210       0xf0 Drivers\STM32F4xx_HAL_Driver\Src\stm32f4xx_hal.o
 .debug_ranges  0x00000300      0x108 Drivers\STM32F4xx_HAL_Driver\Src\stm32f4xx_hal_cortex.o
 .debug_ranges  0x00000408       0x40 Drivers\STM32F4xx_HAL_Driver\Src\stm32f4xx_hal_crc.o
 .debug_ranges  0x00000448       0x90 Drivers\STM32F4xx_HAL_Driver\Src\stm32f4xx_hal_flash.o
 .debug_ranges  0x000004d8       0xc8 Drivers\STM32F4xx_HAL_Driver\Src\stm32f4xx_hal_flash_ex.o
 .debug_ranges  0x000005a0       0x48 Drivers\STM32F4xx_HAL_Driver\Src\stm32f4xx_hal_gpio.o
 .debug_ranges  0x000005e8       0xe8 Drivers\STM32F4xx_HAL_Driver\Src\stm32f4xx_hal_hcd.o
 .debug_ranges  0x000006d0       0x78 Drivers\STM32F4xx_HAL_Driver\Src\stm32f4xx_hal_rcc.o
 .debug_ranges  0x00000748      0x188 Drivers\STM32F4xx_HAL_Driver\Src\stm32f4xx_ll_usb.o
 .debug_ranges  0x000008d0       0x18 FATFS\App\fatfs.o
 .debug_ranges  0x000008e8       0x30 FATFS\Target\usbh_diskio.o
 .debug_ranges  0x00000918       0x68 Middlewares\ST\STM32_USB_Host_Library\Class\MSC\Src\usbh_msc.o
 .debug_ranges  0x00000980       0x38 Middlewares\ST\STM32_USB_Host_Library\Class\MSC\Src\usbh_msc_bot.o
 .debug_ranges  0x000009b8       0x38 Middlewares\ST\STM32_USB_Host_Library\Class\MSC\Src\usbh_msc_scsi.o
 .debug_ranges  0x000009f0       0xb0 Middlewares\ST\STM32_USB_Host_Library\Core\Src\usbh_core.o
 .debug_ranges  0x00000aa0       0x90 Middlewares\ST\STM32_USB_Host_Library\Core\Src\usbh_ctlreq.o
 .debug_ranges  0x00000b30       0x50 Middlewares\ST\STM32_USB_Host_Library\Core\Src\usbh_ioreq.o
 .debug_ranges  0x00000b80       0x30 Middlewares\ST\STM32_USB_Host_Library\Core\Src\usbh_pipes.o
 .debug_ranges  0x00000bb0       0x38 Middlewares\Third_Party\FatFs\src\diskio.o
 .debug_ranges  0x00000be8      0x1f8 Middlewares\Third_Party\FatFs\src\ff.o
 .debug_ranges  0x00000de0       0x30 Middlewares\Third_Party\FatFs\src\ff_gen_drv.o
 .debug_ranges  0x00000e10       0x20 USB_HOST\App\usb_host.o
 .debug_ranges  0x00000e30       0xc8 USB_HOST\Target\usbh_conf.o
 .debug_ranges  0x00000ef8       0x10 USB_HOST\Target\usbh_platform.o
 .debug_ranges  0x00000f08       0x20 startup\startup_stm32f439xx.o

.debug_line     0x00000000     0xa0da
 .debug_line    0x00000000      0x496 Core\Src\command.o
 .debug_line    0x00000496      0x2a6 Core\Src\fash_if.o
 .debug_line    0x0000073c      0x6a7 Core\Src\main.o
 .debug_line    0x00000de3      0x1ea Core\Src\stm32f4xx_hal_msp.o
 .debug_line    0x00000fcd      0x2d6 Core\Src\stm32f4xx_it.o
 .debug_line    0x000012a3      0x3dd Core\Src\syscalls.o
 .debug_line    0x00001680      0x20e Core\Src\system_stm32f4xx.o
 .debug_line    0x0000188e      0x443 Drivers\STM32F4xx_HAL_Driver\Src\stm32f4xx_hal.o
 .debug_line    0x00001cd1      0x553 Drivers\STM32F4xx_HAL_Driver\Src\stm32f4xx_hal_cortex.o
 .debug_line    0x00002224      0x2d6 Drivers\STM32F4xx_HAL_Driver\Src\stm32f4xx_hal_crc.o
 .debug_line    0x000024fa      0x42e Drivers\STM32F4xx_HAL_Driver\Src\stm32f4xx_hal_flash.o
 .debug_line    0x00002928      0x540 Drivers\STM32F4xx_HAL_Driver\Src\stm32f4xx_hal_flash_ex.o
 .debug_line    0x00002e68      0x42c Drivers\STM32F4xx_HAL_Driver\Src\stm32f4xx_hal_gpio.o
 .debug_line    0x00003294      0x71e Drivers\STM32F4xx_HAL_Driver\Src\stm32f4xx_hal_hcd.o
 .debug_line    0x000039b2      0x4c4 Drivers\STM32F4xx_HAL_Driver\Src\stm32f4xx_hal_rcc.o
 .debug_line    0x00003e76      0xa22 Drivers\STM32F4xx_HAL_Driver\Src\stm32f4xx_ll_usb.o
 .debug_line    0x00004898      0x3f4 FATFS\App\fatfs.o
 .debug_line    0x00004c8c      0x454 FATFS\Target\usbh_diskio.o
 .debug_line    0x000050e0      0x637 Middlewares\ST\STM32_USB_Host_Library\Class\MSC\Src\usbh_msc.o
 .debug_line    0x00005717      0x4fb Middlewares\ST\STM32_USB_Host_Library\Class\MSC\Src\usbh_msc_bot.o
 .debug_line    0x00005c12      0x4b6 Middlewares\ST\STM32_USB_Host_Library\Class\MSC\Src\usbh_msc_scsi.o
 .debug_line    0x000060c8      0x701 Middlewares\ST\STM32_USB_Host_Library\Core\Src\usbh_core.o
 .debug_line    0x000067c9      0x5e8 Middlewares\ST\STM32_USB_Host_Library\Core\Src\usbh_ctlreq.o
 .debug_line    0x00006db1      0x3ee Middlewares\ST\STM32_USB_Host_Library\Core\Src\usbh_ioreq.o
 .debug_line    0x0000719f      0x3a6 Middlewares\ST\STM32_USB_Host_Library\Core\Src\usbh_pipes.o
 .debug_line    0x00007545      0x404 Middlewares\Third_Party\FatFs\src\diskio.o
 .debug_line    0x00007949     0x17c0 Middlewares\Third_Party\FatFs\src\ff.o
 .debug_line    0x00009109      0x404 Middlewares\Third_Party\FatFs\src\ff_gen_drv.o
 .debug_line    0x0000950d      0x3a7 USB_HOST\App\usb_host.o
 .debug_line    0x000098b4      0x59e USB_HOST\Target\usbh_conf.o
 .debug_line    0x00009e52      0x207 USB_HOST\Target\usbh_platform.o
 .debug_line    0x0000a059       0x81 startup\startup_stm32f439xx.o

.debug_str      0x00000000     0x5594
 .debug_str     0x00000000     0x1153 Core\Src\command.o
                               0x12cd (size before relaxing)
 .debug_str     0x00001153       0xb4 Core\Src\fash_if.o
                                0x3a6 (size before relaxing)
 .debug_str     0x00001207      0x758 Core\Src\main.o
                               0x18cc (size before relaxing)
 .debug_str     0x0000195f       0x2c Core\Src\stm32f4xx_hal_msp.o
                                0x3fa (size before relaxing)
 .debug_str     0x0000198b      0x41f Core\Src\stm32f4xx_it.o
                                0x794 (size before relaxing)
 .debug_str     0x00001daa      0x20f Core\Src\syscalls.o
                                0x890 (size before relaxing)
 .debug_str     0x00001fb9       0x5b Core\Src\system_stm32f4xx.o
                                0x476 (size before relaxing)
 .debug_str     0x00002014      0x840 Drivers\STM32F4xx_HAL_Driver\Src\stm32f4xx_hal.o
                                0xc6c (size before relaxing)
 .debug_str     0x00002854      0x485 Drivers\STM32F4xx_HAL_Driver\Src\stm32f4xx_hal_cortex.o
                                0xda2 (size before relaxing)
 .debug_str     0x00002cd9       0x8f Drivers\STM32F4xx_HAL_Driver\Src\stm32f4xx_hal_crc.o
                                0x4bd (size before relaxing)
 .debug_str     0x00002d68      0x289 Drivers\STM32F4xx_HAL_Driver\Src\stm32f4xx_hal_flash.o
                                0x633 (size before relaxing)
 .debug_str     0x00002ff1      0x340 Drivers\STM32F4xx_HAL_Driver\Src\stm32f4xx_hal_flash_ex.o
                                0x7d0 (size before relaxing)
 .debug_str     0x00003331      0x153 Drivers\STM32F4xx_HAL_Driver\Src\stm32f4xx_hal_gpio.o
                                0x60d (size before relaxing)
 .debug_str     0x00003484      0x400 Drivers\STM32F4xx_HAL_Driver\Src\stm32f4xx_hal_hcd.o
                                0xb14 (size before relaxing)
 .debug_str     0x00003884      0x1a3 Drivers\STM32F4xx_HAL_Driver\Src\stm32f4xx_hal_rcc.o
                                0x7c4 (size before relaxing)
 .debug_str     0x00003a27      0x643 Drivers\STM32F4xx_HAL_Driver\Src\stm32f4xx_ll_usb.o
                                0xd84 (size before relaxing)
 .debug_str     0x0000406a       0x2f FATFS\App\fatfs.o
                               0x10cc (size before relaxing)
 .debug_str     0x00004099      0x235 FATFS\Target\usbh_diskio.o
                               0x11ee (size before relaxing)
 .debug_str     0x000042ce      0x3bf Middlewares\ST\STM32_USB_Host_Library\Class\MSC\Src\usbh_msc.o
                               0x14d5 (size before relaxing)
 .debug_str     0x0000468d      0x1a7 Middlewares\ST\STM32_USB_Host_Library\Class\MSC\Src\usbh_msc_bot.o
                               0x1520 (size before relaxing)
 .debug_str     0x00004834       0xe1 Middlewares\ST\STM32_USB_Host_Library\Class\MSC\Src\usbh_msc_scsi.o
                               0x1453 (size before relaxing)
 .debug_str     0x00004915      0x213 Middlewares\ST\STM32_USB_Host_Library\Core\Src\usbh_core.o
                               0x1141 (size before relaxing)
 .debug_str     0x00004b28      0x21d Middlewares\ST\STM32_USB_Host_Library\Core\Src\usbh_ctlreq.o
                               0x11b3 (size before relaxing)
 .debug_str     0x00004d45       0xfe Middlewares\ST\STM32_USB_Host_Library\Core\Src\usbh_ioreq.o
                               0x102e (size before relaxing)
 .debug_str     0x00004e43       0x97 Middlewares\ST\STM32_USB_Host_Library\Core\Src\usbh_pipes.o
                                0xfb3 (size before relaxing)
 .debug_str     0x00004eda       0x57 Middlewares\Third_Party\FatFs\src\diskio.o
                                0xffd (size before relaxing)
 .debug_str     0x00004f31      0x3d3 Middlewares\Third_Party\FatFs\src\ff.o
                               0x1543 (size before relaxing)
 .debug_str     0x00005304       0xa2 Middlewares\Third_Party\FatFs\src\ff_gen_drv.o
                               0x1053 (size before relaxing)
 .debug_str     0x000053a6       0x51 USB_HOST\App\usb_host.o
                                0xfc9 (size before relaxing)
 .debug_str     0x000053f7      0x16a USB_HOST\Target\usbh_conf.o
                               0x1d48 (size before relaxing)
 .debug_str     0x00005561       0x33 USB_HOST\Target\usbh_platform.o
                                0x366 (size before relaxing)

.comment        0x00000000       0x7c
 .comment       0x00000000       0x7c Core\Src\command.o
                                 0x7d (size before relaxing)
 .comment       0x0000007c       0x7d Core\Src\fash_if.o
 .comment       0x0000007c       0x7d Core\Src\main.o
 .comment       0x0000007c       0x7d Core\Src\stm32f4xx_hal_msp.o
 .comment       0x0000007c       0x7d Core\Src\stm32f4xx_it.o
 .comment       0x0000007c       0x7d Core\Src\syscalls.o
 .comment       0x0000007c       0x7d Core\Src\system_stm32f4xx.o
 .comment       0x0000007c       0x7d Drivers\STM32F4xx_HAL_Driver\Src\stm32f4xx_hal.o
 .comment       0x0000007c       0x7d Drivers\STM32F4xx_HAL_Driver\Src\stm32f4xx_hal_cortex.o
 .comment       0x0000007c       0x7d Drivers\STM32F4xx_HAL_Driver\Src\stm32f4xx_hal_crc.o
 .comment       0x0000007c       0x7d Drivers\STM32F4xx_HAL_Driver\Src\stm32f4xx_hal_flash.o
 .comment       0x0000007c       0x7d Drivers\STM32F4xx_HAL_Driver\Src\stm32f4xx_hal_flash_ex.o
 .comment       0x0000007c       0x7d Drivers\STM32F4xx_HAL_Driver\Src\stm32f4xx_hal_gpio.o
 .comment       0x0000007c       0x7d Drivers\STM32F4xx_HAL_Driver\Src\stm32f4xx_hal_hcd.o
 .comment       0x0000007c       0x7d Drivers\STM32F4xx_HAL_Driver\Src\stm32f4xx_hal_rcc.o
 .comment       0x0000007c       0x7d Drivers\STM32F4xx_HAL_Driver\Src\stm32f4xx_ll_usb.o
 .comment       0x0000007c       0x7d FATFS\App\fatfs.o
 .comment       0x0000007c       0x7d FATFS\Target\usbh_diskio.o
 .comment       0x0000007c       0x7d Middlewares\ST\STM32_USB_Host_Library\Class\MSC\Src\usbh_msc.o
 .comment       0x0000007c       0x7d Middlewares\ST\STM32_USB_Host_Library\Class\MSC\Src\usbh_msc_bot.o
 .comment       0x0000007c       0x7d Middlewares\ST\STM32_USB_Host_Library\Class\MSC\Src\usbh_msc_scsi.o
 .comment       0x0000007c       0x7d Middlewares\ST\STM32_USB_Host_Library\Core\Src\usbh_core.o
 .comment       0x0000007c       0x7d Middlewares\ST\STM32_USB_Host_Library\Core\Src\usbh_ctlreq.o
 .comment       0x0000007c       0x7d Middlewares\ST\STM32_USB_Host_Library\Core\Src\usbh_ioreq.o
 .comment       0x0000007c       0x7d Middlewares\ST\STM32_USB_Host_Library\Core\Src\usbh_pipes.o
 .comment       0x0000007c       0x7d Middlewares\Third_Party\FatFs\src\diskio.o
 .comment       0x0000007c       0x7d Middlewares\Third_Party\FatFs\src\ff.o
 .comment       0x0000007c       0x7d Middlewares\Third_Party\FatFs\src\ff_gen_drv.o
 .comment       0x0000007c       0x7d USB_HOST\App\usb_host.o
 .comment       0x0000007c       0x7d USB_HOST\Target\usbh_conf.o
 .comment       0x0000007c       0x7d USB_HOST\Target\usbh_platform.o

.debug_frame    0x00000000     0x4498
 .debug_frame   0x00000000       0xb0 Core\Src\command.o
 .debug_frame   0x000000b0       0xc4 Core\Src\fash_if.o
 .debug_frame   0x00000174      0x1f4 Core\Src\main.o
 .debug_frame   0x00000368       0x38 Core\Src\stm32f4xx_hal_msp.o
 .debug_frame   0x000003a0      0x120 Core\Src\stm32f4xx_it.o
 .debug_frame   0x000004c0      0x2d4 Core\Src\syscalls.o
 .debug_frame   0x00000794       0x58 Core\Src\system_stm32f4xx.o
 .debug_frame   0x000007ec      0x3b4 Drivers\STM32F4xx_HAL_Driver\Src\stm32f4xx_hal.o
 .debug_frame   0x00000ba0      0x498 Drivers\STM32F4xx_HAL_Driver\Src\stm32f4xx_hal_cortex.o
 .debug_frame   0x00001038      0x120 Drivers\STM32F4xx_HAL_Driver\Src\stm32f4xx_hal_crc.o
 .debug_frame   0x00001158      0x27c Drivers\STM32F4xx_HAL_Driver\Src\stm32f4xx_hal_flash.o
 .debug_frame   0x000013d4      0x378 Drivers\STM32F4xx_HAL_Driver\Src\stm32f4xx_hal_flash_ex.o
 .debug_frame   0x0000174c      0x14c Drivers\STM32F4xx_HAL_Driver\Src\stm32f4xx_hal_gpio.o
 .debug_frame   0x00001898      0x450 Drivers\STM32F4xx_HAL_Driver\Src\stm32f4xx_hal_hcd.o
 .debug_frame   0x00001ce8      0x1f8 Drivers\STM32F4xx_HAL_Driver\Src\stm32f4xx_hal_rcc.o
 .debug_frame   0x00001ee0      0x798 Drivers\STM32F4xx_HAL_Driver\Src\stm32f4xx_ll_usb.o
 .debug_frame   0x00002678       0x4c FATFS\App\fatfs.o
 .debug_frame   0x000026c4       0xc8 FATFS\Target\usbh_diskio.o
 .debug_frame   0x0000278c      0x1e4 Middlewares\ST\STM32_USB_Host_Library\Class\MSC\Src\usbh_msc.o
 .debug_frame   0x00002970       0xf0 Middlewares\ST\STM32_USB_Host_Library\Class\MSC\Src\usbh_msc_bot.o
 .debug_frame   0x00002a60       0xe8 Middlewares\ST\STM32_USB_Host_Library\Class\MSC\Src\usbh_msc_scsi.o
 .debug_frame   0x00002b48      0x338 Middlewares\ST\STM32_USB_Host_Library\Core\Src\usbh_core.o
 .debug_frame   0x00002e80      0x28c Middlewares\ST\STM32_USB_Host_Library\Core\Src\usbh_ctlreq.o
 .debug_frame   0x0000310c      0x154 Middlewares\ST\STM32_USB_Host_Library\Core\Src\usbh_ioreq.o
 .debug_frame   0x00003260       0xcc Middlewares\ST\STM32_USB_Host_Library\Core\Src\usbh_pipes.o
 .debug_frame   0x0000332c       0xec Middlewares\Third_Party\FatFs\src\diskio.o
 .debug_frame   0x00003418      0x94c Middlewares\Third_Party\FatFs\src\ff.o
 .debug_frame   0x00003d64       0xc8 Middlewares\Third_Party\FatFs\src\ff_gen_drv.o
 .debug_frame   0x00003e2c       0x70 USB_HOST\App\usb_host.o
 .debug_frame   0x00003e9c      0x388 USB_HOST\Target\usbh_conf.o
 .debug_frame   0x00004224       0x34 USB_HOST\Target\usbh_platform.o
 .debug_frame   0x00004258       0x20 c:/program files (x86)/atollic/truestudio for stm32 9.3.0/armtools/bin/../lib/gcc/arm-atollic-eabi/6.3.1/../../../../arm-atollic-eabi/lib/armv7e-m/fpu\libc_nano.a(lib_a-errno.o)
 .debug_frame   0x00004278       0x2c c:/program files (x86)/atollic/truestudio for stm32 9.3.0/armtools/bin/../lib/gcc/arm-atollic-eabi/6.3.1/../../../../arm-atollic-eabi/lib/armv7e-m/fpu\libc_nano.a(lib_a-init.o)
 .debug_frame   0x000042a4       0x30 c:/program files (x86)/atollic/truestudio for stm32 9.3.0/armtools/bin/../lib/gcc/arm-atollic-eabi/6.3.1/../../../../arm-atollic-eabi/lib/armv7e-m/fpu\libc_nano.a(lib_a-malloc.o)
 .debug_frame   0x000042d4       0x28 c:/program files (x86)/atollic/truestudio for stm32 9.3.0/armtools/bin/../lib/gcc/arm-atollic-eabi/6.3.1/../../../../arm-atollic-eabi/lib/armv7e-m/fpu\libc_nano.a(lib_a-memcpy-stub.o)
 .debug_frame   0x000042fc       0x20 c:/program files (x86)/atollic/truestudio for stm32 9.3.0/armtools/bin/../lib/gcc/arm-atollic-eabi/6.3.1/../../../../arm-atollic-eabi/lib/armv7e-m/fpu\libc_nano.a(lib_a-memset.o)
 .debug_frame   0x0000431c       0x38 c:/program files (x86)/atollic/truestudio for stm32 9.3.0/armtools/bin/../lib/gcc/arm-atollic-eabi/6.3.1/../../../../arm-atollic-eabi/lib/armv7e-m/fpu\libc_nano.a(lib_a-nano-freer.o)
 .debug_frame   0x00004354       0x2c c:/program files (x86)/atollic/truestudio for stm32 9.3.0/armtools/bin/../lib/gcc/arm-atollic-eabi/6.3.1/../../../../arm-atollic-eabi/lib/armv7e-m/fpu\libc_nano.a(lib_a-nano-mallocr.o)
 .debug_frame   0x00004380       0x2c c:/program files (x86)/atollic/truestudio for stm32 9.3.0/armtools/bin/../lib/gcc/arm-atollic-eabi/6.3.1/../../../../arm-atollic-eabi/lib/armv7e-m/fpu\libc_nano.a(lib_a-sbrkr.o)
 .debug_frame   0x000043ac       0x30 c:/program files (x86)/atollic/truestudio for stm32 9.3.0/armtools/bin/../lib/gcc/arm-atollic-eabi/6.3.1/../../../../arm-atollic-eabi/lib/armv7e-m/fpu\libc_nano.a(lib_a-mlock.o)
 .debug_frame   0x000043dc       0x5c c:/program files (x86)/atollic/truestudio for stm32 9.3.0/armtools/bin/../lib/gcc/arm-atollic-eabi/6.3.1/../../../../arm-atollic-eabi/lib/armv7e-m/fpu\libc_nano.a(lib_a-reent.o)
 .debug_frame   0x00004438       0x2c c:/program files (x86)/atollic/truestudio for stm32 9.3.0/armtools/bin/../lib/gcc/arm-atollic-eabi/6.3.1/armv7e-m/fpu\libgcc.a(_aeabi_uldivmod.o)
 .debug_frame   0x00004464       0x34 c:/program files (x86)/atollic/truestudio for stm32 9.3.0/armtools/bin/../lib/gcc/arm-atollic-eabi/6.3.1/armv7e-m/fpu\libgcc.a(_udivmoddi4.o)